🌐 API SMOKE TESTS - Thu Dec  4 02:17:22 EST 2025
================================================

📍 HEALTH ENDPOINTS
================================================
Testing API Health... ✅ (200)
Testing Admin Health... ❌ (404)
   Response: <!DOCTYPE html>
<html lang="en">
<head>
<meta charset="utf-8">
<title>Error</title>
</head>
<body>
<pre>Cannot GET /admin/health</pre>
</body>
</html>

📍 PUBLIC ENDPOINTS
================================================
Testing Test Email... ❌ (404)
   Response: <!DOCTYPE html>
<html lang="en">
<head>
<meta charset="utf-8">
<title>Error</title>
</head>
<body>
<pre>Cannot POST /api/test-email</pre>
</body>
</html>
Testing Stripe Webhook Health... ❌ (404)
   Response: <!DOCTYPE html>
<html lang="en">
<head>
<meta charset="utf-8">
<title>Error</title>
</head>
<body>
<pre>Cannot GET /api/stripe/health</pre>
</body>
</html>

📍 AUTH ENDPOINTS
================================================
Testing Sign Up (test user)... ❌ (404)
   Response: <!DOCTYPE html>
<html lang="en">
<head>
<meta charset="utf-8">
<title>Error</title>
</head>
<body>
<pre>Cannot POST /api/auth/signup</pre>
</body>
</html>

📍 DATABASE CONNECTIVITY
================================================
Testing Get Organizations (auth required)... ❌ (404)
   Response: <!DOCTYPE html>
<html lang="en">
<head>
<meta charset="utf-8">
<title>Error</title>
</head>
<body>
<pre>Cannot GET /api/organizations</pre>
</body>
</html>

================================================
📊 SMOKE TEST RESULTS
================================================
Passed: 1
Failed: 5
Total:  6

✅ API Health (200)
❌ Admin Health (404) - <!DOCTYPE html>
<html lang="en">
<head>
<meta charset="utf-8">
<title>Error</title>
</head>
<body>
<pre>Cannot GET /admin/health</pre>
</body>
</html>
❌ Test Email (404) - <!DOCTYPE html>
<html lang="en">
<head>
<meta charset="utf-8">
<title>Error</title>
</head>
<body>
<pre>Cannot POST /api/test-email</pre>
</body>
</html>
❌ Stripe Webhook Health (404) - <!DOCTYPE html>
<html lang="en">
<head>
<meta charset="utf-8">
<title>Error</title>
</head>
<body>
<pre>Cannot GET /api/stripe/health</pre>
</body>
</html>
❌ Sign Up (test user) (404) - <!DOCTYPE html>
<html lang="en">
<head>
<meta charset="utf-8">
<title>Error</title>
</head>
<body>
<pre>Cannot POST /api/auth/signup</pre>
</body>
</html>
❌ Get Organizations (auth required) (404) - <!DOCTYPE html>
<html lang="en">
<head>
<meta charset="utf-8">
<title>Error</title>
</head>
<body>
<pre>Cannot GET /api/organizations</pre>
</body>
</html>

📁 Results saved to: /Users/varsityhub/Desktop/CODE/VarsityHubMobile/overnight-results/api-smoke-test-20251204_021722.log
📊 JSON report: /Users/varsityhub/Desktop/CODE/VarsityHubMobile/overnight-results/api-smoke-test-20251204_021722.json
