╔════════════════════════════════════════════════════════════╗
║     🌙 ENHANCED NIGHTLY AUTOMATION SUITE - 20251204_233000 🌙     ║
║                                                            ║
║  5 Low-Touch Sweeps for Maximum Day 3 Confidence          ║
╚════════════════════════════════════════════════════════════╝

🔍 SWEEP 1: Catch-Block Sanity Scan
   Finding catch blocks without error references...
🌐 SWEEP 2: API Smoke Tests
   Testing health + core endpoints...
📊 SWEEP 3: Lint Baseline
   Running ESLint to track warning count...
🔷 SWEEP 4: TypeScript Type Check
   Verifying zero TypeScript errors...
🔐 SWEEP 5: npm Audit Summary
   Scanning for vulnerabilities...

⏳ Waiting for all sweeps to complete...

   ✅ Zero TypeScript errors
   ✅ Saved to: /Users/varsityhub/Desktop/CODE/VarsityHubMobile/overnight-results/typescript-check-20251204_233000.log
   ✅ Saved to: /Users/varsityhub/Desktop/CODE/VarsityHubMobile/overnight-results/lint-baseline-20251204_233000.log
Traceback (most recent call last):
  File "<stdin>", line 1, in <module>
  File "<frozen importlib._bootstrap>", line 1007, in _find_and_load
  File "<frozen importlib._bootstrap>", line 982, in _find_and_load_unlocked
  File "<frozen importlib._bootstrap>", line 925, in _find_spec
  File "<frozen importlib._bootstrap_external>", line 1414, in find_spec
  File "<frozen importlib._bootstrap_external>", line 1383, in _get_spec
  File "<frozen importlib._bootstrap_external>", line 1347, in _path_importer_cache
PermissionError: [Errno 1] Operation not permitted
   ✅ Saved to: /Users/varsityhub/Desktop/CODE/VarsityHubMobile/overnight-results/catch-scan-20251204_233000.log
