╔════════════════════════════════════════════════════════════╗
║     🌙 ENHANCED NIGHTLY AUTOMATION SUITE - 20251204_021722 🌙     ║
║                                                            ║
║  5 Low-Touch Sweeps for Maximum Day 3 Confidence          ║
╚════════════════════════════════════════════════════════════╝

🔍 SWEEP 1: Catch-Block Sanity Scan
   Finding catch blocks without error references...
🌐 SWEEP 2: API Smoke Tests
   Testing health + core endpoints...
📊 SWEEP 3: Lint Baseline
   Running ESLint to track warning count...
🔷 SWEEP 4: TypeScript Type Check
   Verifying zero TypeScript errors...
🔐 SWEEP 5: npm Audit Summary
   Scanning for vulnerabilities...

⏳ Waiting for all sweeps to complete...

   ✅ Saved to: /Users/varsityhub/Desktop/CODE/VarsityHubMobile/overnight-results/npm-audit-20251204_021722.log
   ✅ Saved to: /Users/varsityhub/Desktop/CODE/VarsityHubMobile/overnight-results/lint-baseline-20251204_021722.log
   ✅ Zero TypeScript errors
   ✅ Saved to: /Users/varsityhub/Desktop/CODE/VarsityHubMobile/overnight-results/typescript-check-20251204_021722.log
   ✅ Saved to: /Users/varsityhub/Desktop/CODE/VarsityHubMobile/overnight-results/catch-scan-20251204_021722.log
