./verify-production-ready.sh: line 11: /dev/fd/62: Operation not permitted
================================
VarsityHub Pre-Launch Verification
================================

1️⃣  TypeScript Compilation
[0;32m✓[0m TypeScript compiles without errors

2️⃣  Docker Configuration
[0;32m✓[0m Dockerfile exists
[0;32m✓[0m start.sh exists
[0;32m✓[0m Production docker-compose exists

3️⃣  Documentation
[0;32m✓[0m Docker deployment guide exists
[0;32m✓[0m QA checklist exists
[0;32m✓[0m Audit summary exists

4️⃣  Configuration
[0;32m✓[0m Environment vars documented
[0;32m✓[0m Docker healthcheck configured

5️⃣  Error Handling
[0;32m✓[0m Sentry + ErrorBoundary implemented

6️⃣  Database Setup
[0;32m✓[0m Prisma schema exists

================================
Summary
================================
[0;32mPassed:[0m 11
[0;31mFailed:[0m 0

[0;32m✓ Ready for production![0m
