
> varsityhubmobile@1.0.1 web
> expo start --web --clear

env: load .env
env: export EXPO_PUBLIC_SENTRY_DSN EXPO_PUBLIC_API_URL EXPO_PUBLIC_APP_SCHEME EXPO_PUBLIC_NODE_ENV EXPO_PUBLIC_GOOGLE_IOS_CLIENT_ID EXPO_PUBLIC_GOOGLE_WEB_CLIENT_ID EXPO_PUBLIC_GOOGLE_ANDROID_CLIENT_ID EXPO_PUBLIC_GOOGLE_EXPO_CLIENT_ID EXPO_PUBLIC_STRIPE_PUBLISHABLE_KEY EXPO_PUBLIC_ADMIN_EMAILS
Starting project at /Users/varsityhub/Desktop/CODE/VarsityHubMobile
Starting Metro Bundler
warning: Bundler cache is empty, rebuilding (this may take a minute)
Waiting on http://localhost:8081
Logs for your project will appear below.
Recrawled this watch 1 time, most recently because:
MustScanSubDirs UserDroppedTo resolve, please review the information on
https://facebook.github.io/watchman/docs/troubleshooting.html#recrawl
To clear this warning, run:
`watchman watch-del '/Users/varsityhub/Desktop/CODE/VarsityHubMobile' ; watchman watch-project '/Users/varsityhub/Desktop/CODE/VarsityHubMobile'`

Web node_modules/expo-router/entry.js ░░░░░░░░░░░░░░░░  0.0% (0/1)
λ node_modules/expo-router/node/render.js ▓▓▓▓░░░░░░░░░░░░ 30.5% (358/648)
Web node_modules/expo-router/entry.js ▓▓▓░░░░░░░░░░░░░ 24.5% (264/533)
λ node_modules/expo-router/node/render.js ▓▓▓▓▓▓▓▓░░░░░░░░ 53.0% ( 718/1227)
Web node_modules/expo-router/entry.js ▓▓▓▓▓▓░░░░░░░░░░ 38.9% ( 655/1222)
λ node_modules/expo-router/node/render.js ▓▓▓▓▓▓▓▓▓▓▓░░░░░ 70.7% (1552/2055)
Web node_modules/expo-router/entry.js ▓▓▓▓▓▓▓▓▓▓░░░░░░ 66.9% (1489/1872)
λ node_modules/expo-router/node/render.js ▓▓▓▓▓▓▓▓▓▓▓░░░░░ 72.3% (2076/2475)
Web node_modules/expo-router/entry.js ▓▓▓▓▓▓▓▓▓▓▓░░░░░ 70.8% (2056/2443)
λ node_modules/expo-router/node/render.js ▓▓▓▓▓▓▓▓▓▓▓░░░░░ 73.3% (2880/3364)
Web node_modules/expo-router/entry.js ▓▓▓▓▓▓▓▓▓▓▓▓▓░░░ 87.2% (3273/3506)
λ node_modules/expo-router/node/render.js ▓▓▓▓▓▓▓▓▓▓▓▓▓▓▓░ 94.0% (3755/3874)
λ Bundled 21196ms node_modules/expo-router/node/render.js (3901 modules)
"shadow*" style props are deprecated. Use "boxShadow".
[expo-notifications] Listening to push token changes is not yet fully supported on web. Adding a listener will have no effect.
"textShadow*" style props are deprecated. Use "textShadow".
λ  LOG  [sentry] Skipping initialization in development mode
Web node_modules/expo-router/entry.js ▓▓▓▓▓▓▓▓▓▓▓▓▓▓▓░ 99.7% (3834/3839)
[http] API base: https://api-production-8ac3.up.railway.app {
  envUrl: 'https://api-production-8ac3.up.railway.app',
  forceRemote: true,
  platform: 'web'
}
🔍 Testing Monitor: Skipping (no window object)
🔍 Web Testing Monitor Active - Tracking all errors
Web node_modules/expo-router/entry.js ▓▓▓▓▓▓▓▓▓▓▓▓▓▓▓░ 99.7% (3834/3839)
Web Bundled 26571ms node_modules/expo-router/entry.js (3846 modules)
Web node_modules/expo-router/entry.js ▓▓▓▓░░░░░░░░░░░░ 31.2% ( 749/1342)
Web node_modules/expo-router/entry.js ▓▓▓▓▓▓▓▓▓▓░░░░░░ 67.8% (2581/3227)
Web Bundled 8495ms node_modules/expo-router/entry.js (3847 modules)
Web Bundled 21ms utils/testingMonitor.web.ts (1 module)
 LOG  [web] Logs will appear in the browser console
Web node_modules/expo-router/entry.js ░░░░░░░░░░░░░░░░  0.0% (0/1)
λ Bundled 108ms node_modules/expo-router/node/render.js (1 module)
"shadow*" style props are deprecated. Use "boxShadow".
[expo-notifications] Listening to push token changes is not yet fully supported on web. Adding a listener will have no effect.
"textShadow*" style props are deprecated. Use "textShadow".
λ  LOG  [sentry] Skipping initialization in development mode
🔍 Testing Monitor: Skipping (no window object)
🔍 Web Testing Monitor Active - Tracking all errors
Web node_modules/expo-router/entry.js ░░░░░░░░░░░░░░░░  0.0% (0/1)
Web Bundled 2081ms node_modules/expo-router/entry.js (1 module)
Web node_modules/expo-router/entry.js ░░░░░░░░░░░░░░░░  0.0% (0/1)
λ Bundled 121ms node_modules/expo-router/node/render.js (1 module)
"shadow*" style props are deprecated. Use "boxShadow".
[expo-notifications] Listening to push token changes is not yet fully supported on web. Adding a listener will have no effect.
"textShadow*" style props are deprecated. Use "textShadow".
λ  LOG  [sentry] Skipping initialization in development mode
🔍 Testing Monitor: Skipping (no window object)
🔍 Web Testing Monitor Active - Tracking all errors
Web node_modules/expo-router/entry.js ░░░░░░░░░░░░░░░░  0.0% (0/1)
Web Bundled 1767ms node_modules/expo-router/entry.js (1 module)
