⚠️  Backend not running, attempting to start...

> varsityhubmobile@1.0.1 server:dev
> cd server && npm run dev


> varsityhub-server@0.1.0 dev
> tsx watch src/index.ts

node:net:1918
      const error = new UVExceptionWithHostPort(rval, 'listen', address, port);
                    ^

Error: listen EPERM: operation not permitted /var/folders/dg/_xd07n4151168xh9x9t9hgsr0000gp/T/tsx-502/59924.pipe
    at Server.setupListenHandle [as _listen2] (node:net:1918:21)
    at listenInCluster (node:net:1997:12)
    at Server.listen (node:net:2119:5)
    at file:///Users/varsityhub/Desktop/CODE/VarsityHubMobile/server/node_modules/tsx/dist/cli.mjs:53:31537
    at new Promise (<anonymous>)
    at createIpcServer (file:///Users/varsityhub/Desktop/CODE/VarsityHubMobile/server/node_modules/tsx/dist/cli.mjs:53:31515)
    at async file:///Users/varsityhub/Desktop/CODE/VarsityHubMobile/server/node_modules/tsx/dist/cli.mjs:53:32752 {
  code: 'EPERM',
  errno: -1,
  syscall: 'listen',
  address: '/var/folders/dg/_xd07n4151168xh9x9t9hgsr0000gp/T/tsx-502/59924.pipe',
  port: -1
}

Node.js v24.6.0
📦 Seeding database...

> varsityhub-server@0.1.0 seed
> tsx prisma/seed.ts

node:net:1918
      const error = new UVExceptionWithHostPort(rval, 'listen', address, port);
                    ^

Error: listen EPERM: operation not permitted /var/folders/dg/_xd07n4151168xh9x9t9hgsr0000gp/T/tsx-502/61732.pipe
    at Server.setupListenHandle [as _listen2] (node:net:1918:21)
    at listenInCluster (node:net:1997:12)
    at Server.listen (node:net:2119:5)
    at file:///Users/varsityhub/Desktop/CODE/VarsityHubMobile/server/node_modules/tsx/dist/cli.mjs:53:31537
    at new Promise (<anonymous>)
    at createIpcServer (file:///Users/varsityhub/Desktop/CODE/VarsityHubMobile/server/node_modules/tsx/dist/cli.mjs:53:31515)
    at async file:///Users/varsityhub/Desktop/CODE/VarsityHubMobile/server/node_modules/tsx/dist/cli.mjs:55:459 {
  code: 'EPERM',
  errno: -1,
  syscall: 'listen',
  address: '/var/folders/dg/_xd07n4151168xh9x9t9hgsr0000gp/T/tsx-502/61732.pipe',
  port: -1
}

Node.js v24.6.0
Seed failed or already complete
