
> varsityhubmobile@1.0.1 doctor
> npx expo-doctor

env: load .env
env: export EXPO_PUBLIC_SENTRY_DSN EXPO_PUBLIC_API_URL EXPO_PUBLIC_APP_SCHEME EXPO_PUBLIC_NODE_ENV EXPO_PUBLIC_GOOGLE_IOS_CLIENT_ID EXPO_PUBLIC_GOOGLE_WEB_CLIENT_ID EXPO_PUBLIC_GOOGLE_ANDROID_CLIENT_ID EXPO_PUBLIC_GOOGLE_EXPO_CLIENT_ID EXPO_PUBLIC_STRIPE_PUBLISHABLE_KEY EXPO_PUBLIC_ADMIN_EMAILS
Running 17 checks on your project...
13/17 checks passed. 4 checks failed. Possible issues detected:
Use the --verbose flag to see more details about passed checks.

✖ Check Expo config (app.json/ app.config.js) schema
Errors validating fields in /Users/varsityhub/Desktop/CODE/VarsityHubMobile/app.json:
 should NOT have additional property 'homepage'.
 should NOT have additional property 'privacy'.
 should NOT have additional property 'supportURL'.
Advice:
Resolve schema errors in your app config. Learn more: https://docs.expo.dev/workflow/configuration/

✖ Check that no duplicate dependencies are installed
Your project contains duplicate native module dependencies, which should be de-duplicated.
Native builds may only contain one version of any given native module, and having multiple versions of a single Native module installed may lead to unexpected build errors.
Found duplicates for react-native-safe-area-context:
  ├─ react-native-safe-area-context@5.6.2 (at: node_modules/react-native-safe-area-context)
  └─ react-native-safe-area-context@4.5.0 (at: node_modules/react-native-calendars/node_modules/react-native-safe-area-context)
Advice:
Resolve your dependency issues and deduplicate your dependencies. Learn more: https://expo.fyi/resolving-dependency-issues

✖ Check for app config fields that may not be synced in a non-CNG project
This project contains native project folders but also has native configuration properties in app.json, indicating it is configured to use Prebuild. When the android/ios folders are present, EAS Build will not sync the following properties: orientation, icon, scheme, userInterfaceStyle, locales, ios, android, plugins, androidStatusBar. 


✖ Check that packages match versions required by installed Expo SDK

❗ Major version mismatches
package               expected  found    
jest-expo             ~54.0.14  51.0.4   

⚠️ Minor version mismatches
package               expected  found    
@sentry/react-native  ~7.2.0    7.7.0    

🔧 Patch version mismatches
package               expected  found    
expo-updates          ~29.0.15  29.0.14  

Changelogs:
- expo-updates → https://github.com/expo/expo/blob/sdk-54/packages/expo-updates/CHANGELOG.md

3 packages out of date.
Advice:
Use 'npx expo install --check' to review and upgrade your dependencies.
To ignore specific packages, add them to "expo.install.exclude" in package.json. Learn more: https://expo.fyi/dependency-validation

4 checks failed, indicating possible issues with the project.
