
> varsityhubmobile@1.0.1 lint
> expo lint

env: load .env
env: export EXPO_PUBLIC_SENTRY_DSN EXPO_PUBLIC_API_URL EXPO_PUBLIC_APP_SCHEME EXPO_PUBLIC_NODE_ENV EXPO_PUBLIC_GOOGLE_IOS_CLIENT_ID EXPO_PUBLIC_GOOGLE_WEB_CLIENT_ID EXPO_PUBLIC_GOOGLE_ANDROID_CLIENT_ID EXPO_PUBLIC_GOOGLE_EXPO_CLIENT_ID EXPO_PUBLIC_STRIPE_PUBLISHABLE_KEY EXPO_PUBLIC_ADMIN_EMAILS

/Users/varsityhub/Desktop/CODE/VarsityHubMobile/app/(tabs)/discover/mobile-community.tsx
   80:11  warning  'location' is assigned a value but never used. Allowed unused vars must match /^_/u          @typescript-eslint/no-unused-vars
  172:16  warning  '_error' is defined but never used                                                           @typescript-eslint/no-unused-vars
  463:19  warning  'gamesOnDate' is assigned a value but never used. Allowed unused vars must match /^_/u       @typescript-eslint/no-unused-vars
  692:34  warning  '_error' is defined but never used                                                           @typescript-eslint/no-unused-vars
  814:19  warning  'eventsWithCoords' is assigned a value but never used. Allowed unused vars must match /^_/u  @typescript-eslint/no-unused-vars

/Users/varsityhub/Desktop/CODE/VarsityHubMobile/app/(tabs)/notifications/index.tsx
  77:14  warning  '_error' is defined but never used  @typescript-eslint/no-unused-vars

/Users/varsityhub/Desktop/CODE/VarsityHubMobile/app/_layout.tsx
   23:3   warning  Promises must be awaited, end with a call to .catch, end with a call to .then with a rejection handler or be explicitly marked as ignored with the `void` operator  @typescript-eslint/no-floating-promises
   25:5   warning  Unexpected console statement                                                                                                                                        no-console
   83:9   warning  Unexpected console statement                                                                                                                                        no-console
   87:7   warning  Unexpected console statement                                                                                                                                        no-console
   93:13  warning  Unexpected console statement                                                                                                                                        no-console
   99:15  warning  Unexpected console statement                                                                                                                                        no-console
  109:15  warning  Unexpected console statement                                                                                                                                        no-console
  118:13  warning  Unexpected console statement                                                                                                                                        no-console

/Users/varsityhub/Desktop/CODE/VarsityHubMobile/app/ad-calendar.tsx
  173:16  warning  '_error' is defined but never used                                                 @typescript-eslint/no-unused-vars
  482:25  warning  'result' is assigned a value but never used. Allowed unused vars must match /^_/u  @typescript-eslint/no-unused-vars

/Users/varsityhub/Desktop/CODE/VarsityHubMobile/app/billing.tsx
  27:16  warning  '_error' is defined but never used                                                                                                                                  @typescript-eslint/no-unused-vars
  33:5   warning  Promises must be awaited, end with a call to .catch, end with a call to .then with a rejection handler or be explicitly marked as ignored with the `void` operator  @typescript-eslint/no-floating-promises

/Users/varsityhub/Desktop/CODE/VarsityHubMobile/app/blocked-users.tsx
  27:5  warning  Promises must be awaited, end with a call to .catch, end with a call to .then with a rejection handler or be explicitly marked as ignored with the `void` operator  @typescript-eslint/no-floating-promises

/Users/varsityhub/Desktop/CODE/VarsityHubMobile/app/components/MatchBanner.tsx
   47:10  warning  'leftMeasured' is assigned a value but never used. Allowed unused vars must match /^_/u                                                                             @typescript-eslint/no-unused-vars
   48:10  warning  'rightMeasured' is assigned a value but never used. Allowed unused vars must match /^_/u                                                                            @typescript-eslint/no-unused-vars
   61:16  warning  '_error' is defined but never used                                                                                                                                  @typescript-eslint/no-unused-vars
   64:5   warning  Promises must be awaited, end with a call to .catch, end with a call to .then with a rejection handler or be explicitly marked as ignored with the `void` operator  @typescript-eslint/no-floating-promises
   71:49  warning  '_error' is defined but never used                                                                                                                                  @typescript-eslint/no-unused-vars
  137:9   warning  'topBarHeight' is assigned a value but never used. Allowed unused vars must match /^_/u                                                                             @typescript-eslint/no-unused-vars
  142:9   warning  'rightRotate' is assigned a value but never used. Allowed unused vars must match /^_/u                                                                              @typescript-eslint/no-unused-vars

/Users/varsityhub/Desktop/CODE/VarsityHubMobile/app/components/MatchBannerCapture.tsx
  4:36  warning  'Platform' is defined but never used. Allowed unused vars must match /^_/u  @typescript-eslint/no-unused-vars

/Users/varsityhub/Desktop/CODE/VarsityHubMobile/app/components/MatchBannerLottie.tsx
  21:73  warning  '_error' is defined but never used                                                                                                                                  @typescript-eslint/no-unused-vars
  27:5   warning  Promises must be awaited, end with a call to .catch, end with a call to .then with a rejection handler or be explicitly marked as ignored with the `void` operator  @typescript-eslint/no-floating-promises
  32:76  warning  '_error' is defined but never used                                                                                                                                  @typescript-eslint/no-unused-vars
  34:16  warning  '_error' is defined but never used                                                                                                                                  @typescript-eslint/no-unused-vars
  35:75  warning  '_error' is defined but never used                                                                                                                                  @typescript-eslint/no-unused-vars

/Users/varsityhub/Desktop/CODE/VarsityHubMobile/app/create-collage.tsx
  60:18  warning  'setGutter' is assigned a value but never used. Allowed unused vars must match /^_/u  @typescript-eslint/no-unused-vars
  61:18  warning  'setRadius' is assigned a value but never used. Allowed unused vars must match /^_/u  @typescript-eslint/no-unused-vars
  62:14  warning  'setBg' is assigned a value but never used. Allowed unused vars must match /^_/u      @typescript-eslint/no-unused-vars

/Users/varsityhub/Desktop/CODE/VarsityHubMobile/app/create-fan-event.tsx
  33:9  warning  'insets' is assigned a value but never used. Allowed unused vars must match /^_/u  @typescript-eslint/no-unused-vars

/Users/varsityhub/Desktop/CODE/VarsityHubMobile/app/create-post.tsx
  108:5   warning  Promises must be awaited, end with a call to .catch, end with a call to .then with a rejection handler or be explicitly marked as ignored with the `void` operator  @typescript-eslint/no-floating-promises
  129:5   warning  Promises must be awaited, end with a call to .catch, end with a call to .then with a rejection handler or be explicitly marked as ignored with the `void` operator  @typescript-eslint/no-floating-promises
  221:18  warning  '_error' is defined but never used                                                                                                                                  @typescript-eslint/no-unused-vars
  277:18  warning  'error' is defined but never used                                                                                                                                   @typescript-eslint/no-unused-vars
  311:39  warning  '_error' is defined but never used                                                                                                                                  @typescript-eslint/no-unused-vars
  447:49  warning  'idx' is defined but never used. Allowed unused args must match /^_/u                                                                                               @typescript-eslint/no-unused-vars

/Users/varsityhub/Desktop/CODE/VarsityHubMobile/app/create-team.tsx
  151:16  warning  '_error' is defined but never used                                      @typescript-eslint/no-unused-vars
  197:30  warning  'err' is defined but never used                                         @typescript-eslint/no-unused-vars
  255:42  warning  'user' is defined but never used. Allowed unused args must match /^_/u  @typescript-eslint/no-unused-vars

/Users/varsityhub/Desktop/CODE/VarsityHubMobile/app/create.tsx
  14:21  warning  Promises must be awaited, end with a call to .catch, end with a call to .then with a rejection handler or be explicitly marked as ignored with the `void` operator  @typescript-eslint/no-floating-promises
  14:88  warning  '_error' is defined but never used                                                                                                                                  @typescript-eslint/no-unused-vars

/Users/varsityhub/Desktop/CODE/VarsityHubMobile/app/dm-restrictions.tsx
  19:5  warning  Promises must be awaited, end with a call to .catch, end with a call to .then with a rejection handler or be explicitly marked as ignored with the `void` operator  @typescript-eslint/no-floating-promises

/Users/varsityhub/Desktop/CODE/VarsityHubMobile/app/edit-ad.tsx
   52:16  warning  '_error' is defined but never used                                                                                                                                  @typescript-eslint/no-unused-vars
   71:21  warning  Promises must be awaited, end with a call to .catch, end with a call to .then with a rejection handler or be explicitly marked as ignored with the `void` operator  @typescript-eslint/no-floating-promises
  105:16  warning  'e' is defined but never used                                                                                                                                       @typescript-eslint/no-unused-vars

/Users/varsityhub/Desktop/CODE/VarsityHubMobile/app/edit-ad.web.tsx
   53:16  warning  '_error' is defined but never used                                                                                                                                  @typescript-eslint/no-unused-vars
   72:21  warning  Promises must be awaited, end with a call to .catch, end with a call to .then with a rejection handler or be explicitly marked as ignored with the `void` operator  @typescript-eslint/no-floating-promises
  106:16  warning  'e' is defined but never used                                                                                                                                       @typescript-eslint/no-unused-vars

/Users/varsityhub/Desktop/CODE/VarsityHubMobile/app/edit-profile.tsx
   85:18  warning  '_error' is defined but never used                                                                                                                                  @typescript-eslint/no-unused-vars
  139:5   warning  Promises must be awaited, end with a call to .catch, end with a call to .then with a rejection handler or be explicitly marked as ignored with the `void` operator  @typescript-eslint/no-floating-promises
  145:7   warning  Promises must be awaited, end with a call to .catch, end with a call to .then with a rejection handler or be explicitly marked as ignored with the `void` operator  @typescript-eslint/no-floating-promises

/Users/varsityhub/Desktop/CODE/VarsityHubMobile/app/edit-team.tsx
   8:43  warning  'Platform' is defined but never used. Allowed unused vars must match /^_/u                                                                                          @typescript-eslint/no-unused-vars
  72:7   warning  Promises must be awaited, end with a call to .catch, end with a call to .then with a rejection handler or be explicitly marked as ignored with the `void` operator  @typescript-eslint/no-floating-promises

/Users/varsityhub/Desktop/CODE/VarsityHubMobile/app/event-approvals.tsx
  86:5  warning  Promises must be awaited, end with a call to .catch, end with a call to .then with a rejection handler or be explicitly marked as ignored with the `void` operator  @typescript-eslint/no-floating-promises
  91:5  warning  Promises must be awaited, end with a call to .catch, end with a call to .then with a rejection handler or be explicitly marked as ignored with the `void` operator  @typescript-eslint/no-floating-promises

/Users/varsityhub/Desktop/CODE/VarsityHubMobile/app/event-detail.tsx
  73:5  warning  Promises must be awaited, end with a call to .catch, end with a call to .then with a rejection handler or be explicitly marked as ignored with the `void` operator  @typescript-eslint/no-floating-promises

/Users/varsityhub/Desktop/CODE/VarsityHubMobile/app/events-calendar.tsx
   80:5   warning  Promises must be awaited, end with a call to .catch, end with a call to .then with a rejection handler or be explicitly marked as ignored with the `void` operator  @typescript-eslint/no-floating-promises
  102:16  warning  'error' is defined but never used                                                                                                                                   @typescript-eslint/no-unused-vars

/Users/varsityhub/Desktop/CODE/VarsityHubMobile/app/favorites.tsx
   86:5   warning  Promises must be awaited, end with a call to .catch, end with a call to .then with a rejection handler or be explicitly marked as ignored with the `void` operator  @typescript-eslint/no-floating-promises
   96:16  warning  '_error' is defined but never used                                                                                                                                  @typescript-eslint/no-unused-vars
  167:5   warning  Promises must be awaited, end with a call to .catch, end with a call to .then with a rejection handler or be explicitly marked as ignored with the `void` operator  @typescript-eslint/no-floating-promises
  172:5   warning  Promises must be awaited, end with a call to .catch, end with a call to .then with a rejection handler or be explicitly marked as ignored with the `void` operator  @typescript-eslint/no-floating-promises
  177:5   warning  Promises must be awaited, end with a call to .catch, end with a call to .then with a rejection handler or be explicitly marked as ignored with the `void` operator  @typescript-eslint/no-floating-promises

/Users/varsityhub/Desktop/CODE/VarsityHubMobile/app/feed.tsx
  194:9   warning  'topPadding' is assigned a value but never used. Allowed unused vars must match /^_/u                                                                               @typescript-eslint/no-unused-vars
  195:9   warning  'bottomPadding' is assigned a value but never used. Allowed unused vars must match /^_/u                                                                            @typescript-eslint/no-unused-vars
  196:9   warning  'iconClusterWidth' is assigned a value but never used. Allowed unused vars must match /^_/u                                                                         @typescript-eslint/no-unused-vars
  216:10  warning  'sponsoredIndex' is assigned a value but never used. Allowed unused vars must match /^_/u                                                                           @typescript-eslint/no-unused-vars
  378:5   warning  Promises must be awaited, end with a call to .catch, end with a call to .then with a rejection handler or be explicitly marked as ignored with the `void` operator  @typescript-eslint/no-floating-promises
  385:5   warning  Promises must be awaited, end with a call to .catch, end with a call to .then with a rejection handler or be explicitly marked as ignored with the `void` operator  @typescript-eslint/no-floating-promises
  390:7   warning  Promises must be awaited, end with a call to .catch, end with a call to .then with a rejection handler or be explicitly marked as ignored with the `void` operator  @typescript-eslint/no-floating-promises
  392:7   warning  Promises must be awaited, end with a call to .catch, end with a call to .then with a rejection handler or be explicitly marked as ignored with the `void` operator  @typescript-eslint/no-floating-promises
  396:18  warning  '_error' is defined but never used                                                                                                                                  @typescript-eslint/no-unused-vars
  409:16  warning  '_error' is defined but never used                                                                                                                                  @typescript-eslint/no-unused-vars
  431:5   warning  Promises must be awaited, end with a call to .catch, end with a call to .then with a rejection handler or be explicitly marked as ignored with the `void` operator  @typescript-eslint/no-floating-promises
  534:9   warning  'shouldShowZipSuggestions' is assigned a value but never used. Allowed unused vars must match /^_/u                                                                 @typescript-eslint/no-unused-vars
  536:9   warning  'handleQueryChange' is assigned a value but never used. Allowed unused vars must match /^_/u                                                                        @typescript-eslint/no-unused-vars
  542:9   warning  'handleZipSelect' is assigned a value but never used. Allowed unused vars must match /^_/u                                                                          @typescript-eslint/no-unused-vars
  548:9   warning  'handleSearchFocus' is assigned a value but never used. Allowed unused vars must match /^_/u                                                                        @typescript-eslint/no-unused-vars
  603:9   warning  'renderGameTile' is assigned a value but never used. Allowed unused vars must match /^_/u                                                                           @typescript-eslint/no-unused-vars
  676:5   warning  React Hook useCallback has a missing dependency: 'colorScheme'. Either include it or remove the dependency array                                                    react-hooks/exhaustive-deps

/Users/varsityhub/Desktop/CODE/VarsityHubMobile/app/followers.tsx
  33:5  warning  Promises must be awaited, end with a call to .catch, end with a call to .then with a rejection handler or be explicitly marked as ignored with the `void` operator  @typescript-eslint/no-floating-promises

/Users/varsityhub/Desktop/CODE/VarsityHubMobile/app/following.tsx
  33:5  warning  Promises must be awaited, end with a call to .catch, end with a call to .then with a rejection handler or be explicitly marked as ignored with the `void` operator  @typescript-eslint/no-floating-promises

/Users/varsityhub/Desktop/CODE/VarsityHubMobile/app/game-details/GameDetailsScreen.tsx
    60:10  warning  'playing' is assigned a value but never used. Allowed unused vars must match /^_/u                                                                                  @typescript-eslint/no-unused-vars
   251:19  warning  Promises must be awaited, end with a call to .catch, end with a call to .then with a rejection handler or be explicitly marked as ignored with the `void` operator  @typescript-eslint/no-floating-promises
   448:15  warning  'teamId' is assigned a value but never used. Allowed unused vars must match /^_/u                                                                                   @typescript-eslint/no-unused-vars
   450:9   warning  'segments' is assigned a value but never used. Allowed unused vars must match /^_/u                                                                                 @typescript-eslint/no-unused-vars
   463:10  warning  'activeSection' is assigned a value but never used. Allowed unused vars must match /^_/u                                                                            @typescript-eslint/no-unused-vars
   524:51  warning  '_error' is defined but never used                                                                                                                                  @typescript-eslint/no-unused-vars
   535:52  warning  '_error' is defined but never used                                                                                                                                  @typescript-eslint/no-unused-vars
   536:52  warning  '_error' is defined but never used                                                                                                                                  @typescript-eslint/no-unused-vars
   567:9   warning  'canonicalGameId' is assigned a value but never used. Allowed unused vars must match /^_/u                                                                          @typescript-eslint/no-unused-vars
   670:9   warning  'previewImage' is assigned a value but never used. Allowed unused vars must match /^_/u                                                                             @typescript-eslint/no-unused-vars
   969:9   warning  'handleCreatePost' is assigned a value but never used. Allowed unused vars must match /^_/u                                                                         @typescript-eslint/no-unused-vars
   974:9   warning  'handleCreateHighlight' is assigned a value but never used. Allowed unused vars must match /^_/u                                                                    @typescript-eslint/no-unused-vars
  1208:5   warning  Promises must be awaited, end with a call to .catch, end with a call to .then with a rejection handler or be explicitly marked as ignored with the `void` operator  @typescript-eslint/no-floating-promises
  1212:5   warning  Promises must be awaited, end with a call to .catch, end with a call to .then with a rejection handler or be explicitly marked as ignored with the `void` operator  @typescript-eslint/no-floating-promises
  1221:7   warning  Promises must be awaited, end with a call to .catch, end with a call to .then with a rejection handler or be explicitly marked as ignored with the `void` operator  @typescript-eslint/no-floating-promises
  1223:9   warning  Promises must be awaited, end with a call to .catch, end with a call to .then with a rejection handler or be explicitly marked as ignored with the `void` operator  @typescript-eslint/no-floating-promises
  1247:5   warning  Promises must be awaited, end with a call to .catch, end with a call to .then with a rejection handler or be explicitly marked as ignored with the `void` operator  @typescript-eslint/no-floating-promises
  2140:29  warning  Promises must be awaited, end with a call to .catch, end with a call to .then with a rejection handler or be explicitly marked as ignored with the `void` operator  @typescript-eslint/no-floating-promises
  2143:29  warning  Promises must be awaited, end with a call to .catch, end with a call to .then with a rejection handler or be explicitly marked as ignored with the `void` operator  @typescript-eslint/no-floating-promises
  2180:29  warning  Promises must be awaited, end with a call to .catch, end with a call to .then with a rejection handler or be explicitly marked as ignored with the `void` operator  @typescript-eslint/no-floating-promises
  2183:29  warning  Promises must be awaited, end with a call to .catch, end with a call to .then with a rejection handler or be explicitly marked as ignored with the `void` operator  @typescript-eslint/no-floating-promises

/Users/varsityhub/Desktop/CODE/VarsityHubMobile/app/game-details/GameVerticalFeedScreen.tsx
   40:10   warning  '_error' is defined but never used                                                                                                                                  @typescript-eslint/no-unused-vars
   50:6    warning  'VoteOption' is defined but never used. Allowed unused vars must match /^_/u                                                                                        @typescript-eslint/no-unused-vars
  185:7    warning  Promises must be awaited, end with a call to .catch, end with a call to .then with a rejection handler or be explicitly marked as ignored with the `void` operator  @typescript-eslint/no-floating-promises
  225:34   warning  '_error' is defined but never used                                                                                                                                  @typescript-eslint/no-unused-vars
  238:16   warning  '_error' is defined but never used                                                                                                                                  @typescript-eslint/no-unused-vars
  258:16   warning  '_error' is defined but never used                                                                                                                                  @typescript-eslint/no-unused-vars
  438:145  warning  'title' is assigned a value but never used. Allowed unused args must match /^_/u                                                                                    @typescript-eslint/no-unused-vars
  458:14   warning  '_error' is defined but never used                                                                                                                                  @typescript-eslint/no-unused-vars
  480:10   warning  'cursor' is assigned a value but never used. Allowed unused vars must match /^_/u                                                                                   @typescript-eslint/no-unused-vars
  481:10   warning  'hasMore' is assigned a value but never used. Allowed unused vars must match /^_/u                                                                                  @typescript-eslint/no-unused-vars
  509:16   warning  '_error' is defined but never used                                                                                                                                  @typescript-eslint/no-unused-vars
  523:39   warning  Unexpected console statement                                                                                                                                        no-console
  559:20   warning  Unexpected console statement                                                                                                                                        no-console
  563:18   warning  Unexpected console statement                                                                                                                                        no-console
  587:45   warning  '_error' is defined but never used                                                                                                                                  @typescript-eslint/no-unused-vars
  600:18   warning  Unexpected console statement                                                                                                                                        no-console
  601:5    warning  Promises must be awaited, end with a call to .catch, end with a call to .then with a rejection handler or be explicitly marked as ignored with the `void` operator  @typescript-eslint/no-floating-promises
  607:16   warning  '_error' is defined but never used                                                                                                                                  @typescript-eslint/no-unused-vars
  618:20   warning  Unexpected console statement                                                                                                                                        no-console
  700:18   warning  Unexpected console statement                                                                                                                                        no-console
  701:5    warning  Promises must be awaited, end with a call to .catch, end with a call to .then with a rejection handler or be explicitly marked as ignored with the `void` operator  @typescript-eslint/no-floating-promises
  710:20   warning  Unexpected console statement                                                                                                                                        no-console
  716:14   warning  '_error' is defined but never used                                                                                                                                  @typescript-eslint/no-unused-vars
  723:7    warning  Promises must be awaited, end with a call to .catch, end with a call to .then with a rejection handler or be explicitly marked as ignored with the `void` operator  @typescript-eslint/no-floating-promises
  733:5    warning  Promises must be awaited, end with a call to .catch, end with a call to .then with a rejection handler or be explicitly marked as ignored with the `void` operator  @typescript-eslint/no-floating-promises
  754:16   warning  '_error' is defined but never used                                                                                                                                  @typescript-eslint/no-unused-vars
  781:16   warning  '_error' is defined but never used                                                                                                                                  @typescript-eslint/no-unused-vars
  807:16   warning  '_error' is defined but never used                                                                                                                                  @typescript-eslint/no-unused-vars
  833:16   warning  '_error' is defined but never used                                                                                                                                  @typescript-eslint/no-unused-vars
  878:20   warning  'error' is defined but never used                                                                                                                                   @typescript-eslint/no-unused-vars
  901:14   warning  '_error' is defined but never used                                                                                                                                  @typescript-eslint/no-unused-vars
  929:14   warning  '_error' is defined but never used                                                                                                                                  @typescript-eslint/no-unused-vars
  940:9    warning  Promises must be awaited, end with a call to .catch, end with a call to .then with a rejection handler or be explicitly marked as ignored with the `void` operator  @typescript-eslint/no-floating-promises
  975:5    warning  Promises must be awaited, end with a call to .catch, end with a call to .then with a rejection handler or be explicitly marked as ignored with the `void` operator  @typescript-eslint/no-floating-promises
  981:16   warning  '_error' is defined but never used                                                                                                                                  @typescript-eslint/no-unused-vars

/Users/varsityhub/Desktop/CODE/VarsityHubMobile/app/game-highlights.tsx
  24:21  warning  Promises must be awaited, end with a call to .catch, end with a call to .then with a rejection handler or be explicitly marked as ignored with the `void` operator  @typescript-eslint/no-floating-promises
  41:24  warning  'item' is defined but never used. Allowed unused args must match /^_/u                                                                                              @typescript-eslint/no-unused-vars

/Users/varsityhub/Desktop/CODE/VarsityHubMobile/app/game-map.tsx
  20:10  warning  'userLocation' is assigned a value but never used. Allowed unused vars must match /^_/u                                                                             @typescript-eslint/no-unused-vars
  78:5   warning  Promises must be awaited, end with a call to .catch, end with a call to .then with a rejection handler or be explicitly marked as ignored with the `void` operator  @typescript-eslint/no-floating-promises

/Users/varsityhub/Desktop/CODE/VarsityHubMobile/app/game-photos.tsx
   2:16  warning  'Text' is defined but never used. Allowed unused vars must match /^_/u                                                                                              @typescript-eslint/no-unused-vars
  24:21  warning  Promises must be awaited, end with a call to .catch, end with a call to .then with a rejection handler or be explicitly marked as ignored with the `void` operator  @typescript-eslint/no-floating-promises

/Users/varsityhub/Desktop/CODE/VarsityHubMobile/app/game-reviews.tsx
  26:21  warning  Promises must be awaited, end with a call to .catch, end with a call to .then with a rejection handler or be explicitly marked as ignored with the `void` operator  @typescript-eslint/no-floating-promises

/Users/varsityhub/Desktop/CODE/VarsityHubMobile/app/highlights.tsx
   34:38  warning  'SCREEN_HEIGHT' is assigned a value but never used. Allowed unused vars must match /^_/u                                                                            @typescript-eslint/no-unused-vars
   35:7   warning  'CARD_WIDTH' is assigned a value but never used. Allowed unused vars must match /^_/u                                                                               @typescript-eslint/no-unused-vars
  120:3   warning  'onTeamPress' is defined but never used. Allowed unused args must match /^_/u                                                                                       @typescript-eslint/no-unused-vars
  121:3   warning  'onEventPress' is defined but never used. Allowed unused args must match /^_/u                                                                                      @typescript-eslint/no-unused-vars
  280:26  warning  '_error' is defined but never used                                                                                                                                  @typescript-eslint/no-unused-vars
  291:28  warning  '_error' is defined but never used                                                                                                                                  @typescript-eslint/no-unused-vars
  404:5   warning  Promises must be awaited, end with a call to .catch, end with a call to .then with a rejection handler or be explicitly marked as ignored with the `void` operator  @typescript-eslint/no-floating-promises
  451:7   warning  Promises must be awaited, end with a call to .catch, end with a call to .then with a rejection handler or be explicitly marked as ignored with the `void` operator  @typescript-eslint/no-floating-promises
  548:9   warning  'statusBarHeight' is assigned a value but never used. Allowed unused vars must match /^_/u                                                                          @typescript-eslint/no-unused-vars

/Users/varsityhub/Desktop/CODE/VarsityHubMobile/app/league.tsx
  190:19  warning  'setIsAdmin' is assigned a value but never used. Allowed unused vars must match /^_/u                                                                               @typescript-eslint/no-unused-vars
  329:5   warning  Promises must be awaited, end with a call to .catch, end with a call to .then with a rejection handler or be explicitly marked as ignored with the `void` operator  @typescript-eslint/no-floating-promises
  369:14  warning  '_error' is defined but never used                                                                                                                                  @typescript-eslint/no-unused-vars

/Users/varsityhub/Desktop/CODE/VarsityHubMobile/app/manage-season.tsx
   93:10  warning  'loading' is assigned a value but never used. Allowed unused vars must match /^_/u                 @typescript-eslint/no-unused-vars
   95:23  warning  'setSelectedTab' is assigned a value but never used. Allowed unused vars must match /^_/u          @typescript-eslint/no-unused-vars
  103:10  warning  'teamSelectorOpen' is assigned a value but never used. Allowed unused vars must match /^_/u        @typescript-eslint/no-unused-vars
  115:16  warning  '_error' is defined but never used                                                                 @typescript-eslint/no-unused-vars
  429:9   warning  'handleChangeGameStatus' is assigned a value but never used. Allowed unused vars must match /^_/u  @typescript-eslint/no-unused-vars
  851:9   warning  'getWinPercentage' is assigned a value but never used. Allowed unused vars must match /^_/u        @typescript-eslint/no-unused-vars
  907:38  warning  'matchup' is defined but never used. Allowed unused args must match /^_/u                          @typescript-eslint/no-unused-vars

/Users/varsityhub/Desktop/CODE/VarsityHubMobile/app/manage-teams.tsx
   79:16  warning  '_error' is defined but never used                                                       @typescript-eslint/no-unused-vars
   95:9   warning  'getRoleBadge' is assigned a value but never used. Allowed unused vars must match /^_/u  @typescript-eslint/no-unused-vars
  111:9   warning  'getSportIcon' is assigned a value but never used. Allowed unused vars must match /^_/u  @typescript-eslint/no-unused-vars
  219:13  warning  'newGame' is assigned a value but never used. Allowed unused vars must match /^_/u       @typescript-eslint/no-unused-vars

/Users/varsityhub/Desktop/CODE/VarsityHubMobile/app/manage-users.tsx
  21:5   warning  Promises must be awaited, end with a call to .catch, end with a call to .then with a rejection handler or be explicitly marked as ignored with the `void` operator  @typescript-eslint/no-floating-promises
  27:16  warning  'e' is defined but never used                                                                                                                                       @typescript-eslint/no-unused-vars

/Users/varsityhub/Desktop/CODE/VarsityHubMobile/app/message-thread.tsx
   52:14  warning  'e' is defined but never used                                                                                                                                       @typescript-eslint/no-unused-vars
   59:21  warning  Promises must be awaited, end with a call to .catch, end with a call to .then with a rejection handler or be explicitly marked as ignored with the `void` operator  @typescript-eslint/no-floating-promises
   63:5   warning  Promises must be awaited, end with a call to .catch, end with a call to .then with a rejection handler or be explicitly marked as ignored with the `void` operator  @typescript-eslint/no-floating-promises
   67:16  warning  '_error' is defined but never used                                                                                                                                  @typescript-eslint/no-unused-vars
   95:16  warning  '_error' is defined but never used                                                                                                                                  @typescript-eslint/no-unused-vars
  151:14  warning  '_error' is defined but never used                                                                                                                                  @typescript-eslint/no-unused-vars

/Users/varsityhub/Desktop/CODE/VarsityHubMobile/app/messages.tsx
   76:16  warning  'e' is defined but never used                                                                                                                                       @typescript-eslint/no-unused-vars
   95:5   warning  Promises must be awaited, end with a call to .catch, end with a call to .then with a rejection handler or be explicitly marked as ignored with the `void` operator  @typescript-eslint/no-floating-promises
  101:7   warning  Promises must be awaited, end with a call to .catch, end with a call to .then with a rejection handler or be explicitly marked as ignored with the `void` operator  @typescript-eslint/no-floating-promises

/Users/varsityhub/Desktop/CODE/VarsityHubMobile/app/my-ads.tsx
   29:10  warning  'matchesAccount' is defined but never used. Allowed unused vars must match /^_/u                                                                                    @typescript-eslint/no-unused-vars
   43:10  warning  'userEmail' is assigned a value but never used. Allowed unused vars must match /^_/u                                                                                @typescript-eslint/no-unused-vars
   48:5   warning  Promises must be awaited, end with a call to .catch, end with a call to .then with a rejection handler or be explicitly marked as ignored with the `void` operator  @typescript-eslint/no-floating-promises
   55:16  warning  '_error' is defined but never used                                                                                                                                  @typescript-eslint/no-unused-vars
   80:16  warning  '_error' is defined but never used                                                                                                                                  @typescript-eslint/no-unused-vars
  110:20  warning  '_error' is defined but never used                                                                                                                                  @typescript-eslint/no-unused-vars
  121:7   warning  Promises must be awaited, end with a call to .catch, end with a call to .then with a rejection handler or be explicitly marked as ignored with the `void` operator  @typescript-eslint/no-floating-promises
  173:16  warning  '_error' is defined but never used                                                                                                                                  @typescript-eslint/no-unused-vars
  189:14  warning  '_error' is defined but never used                                                                                                                                  @typescript-eslint/no-unused-vars
  201:11  warning  'isActive' is assigned a value but never used. Allowed unused vars must match /^_/u                                                                                 @typescript-eslint/no-unused-vars

/Users/varsityhub/Desktop/CODE/VarsityHubMobile/app/onboarding/finish.tsx
  22:21  warning  Promises must be awaited, end with a call to .catch, end with a call to .then with a rejection handler or be explicitly marked as ignored with the `void` operator  @typescript-eslint/no-floating-promises
  22:75  warning  '_error' is defined but never used                                                                                                                                  @typescript-eslint/no-unused-vars

/Users/varsityhub/Desktop/CODE/VarsityHubMobile/app/onboarding/step-1-role.tsx
  127:7   warning  Promises must be awaited, end with a call to .catch, end with a call to .then with a rejection handler or be explicitly marked as ignored with the `void` operator  @typescript-eslint/no-floating-promises
  154:18  warning  'e' is defined but never used                                                                                                                                       @typescript-eslint/no-unused-vars
  164:16  warning  '_error' is defined but never used                                                                                                                                  @typescript-eslint/no-unused-vars

/Users/varsityhub/Desktop/CODE/VarsityHubMobile/app/onboarding/step-10-confirmation.tsx
   36:11  warning  'isFan' is assigned a value but never used. Allowed unused vars must match /^_/u  @typescript-eslint/no-unused-vars
  140:16  warning  '_error' is defined but never used                                                @typescript-eslint/no-unused-vars
  156:20  warning  'e' is defined but never used                                                     @typescript-eslint/no-unused-vars
  209:7   warning  Unexpected console statement                                                      no-console

/Users/varsityhub/Desktop/CODE/VarsityHubMobile/app/onboarding/step-2-basic.tsx
   40:7    warning  Promises must be awaited, end with a call to .catch, end with a call to .then with a rejection handler or be explicitly marked as ignored with the `void` operator  @typescript-eslint/no-floating-promises
   52:5    warning  Promises must be awaited, end with a call to .catch, end with a call to .then with a rejection handler or be explicitly marked as ignored with the `void` operator  @typescript-eslint/no-floating-promises
   66:20   warning  '_error' is defined but never used                                                                                                                                  @typescript-eslint/no-unused-vars
   70:16   warning  '_error' is defined but never used                                                                                                                                  @typescript-eslint/no-unused-vars
   75:14   warning  '_error' is defined but never used                                                                                                                                  @typescript-eslint/no-unused-vars
   97:16   warning  '_error' is defined but never used                                                                                                                                  @typescript-eslint/no-unused-vars
  108:9    warning  'usernameError' is assigned a value but never used. Allowed unused vars must match /^_/u                                                                            @typescript-eslint/no-unused-vars
  135:16   warning  '_error' is defined but never used                                                                                                                                  @typescript-eslint/no-unused-vars
  175:109  warning  'error' is defined but never used                                                                                                                                   @typescript-eslint/no-unused-vars

/Users/varsityhub/Desktop/CODE/VarsityHubMobile/app/onboarding/step-3-plan.tsx
  169:9   warning  Promises must be awaited, end with a call to .catch, end with a call to .then with a rejection handler or be explicitly marked as ignored with the `void` operator  @typescript-eslint/no-floating-promises
  474:19  warning  Promises must be awaited, end with a call to .catch, end with a call to .then with a rejection handler or be explicitly marked as ignored with the `void` operator  @typescript-eslint/no-floating-promises

/Users/varsityhub/Desktop/CODE/VarsityHubMobile/app/onboarding/step-4-organization.tsx
  29:10  warning  'teamName' is assigned a value but never used. Allowed unused vars must match /^_/u                                                                                 @typescript-eslint/no-unused-vars
  30:10  warning  'ageGroup' is assigned a value but never used. Allowed unused vars must match /^_/u                                                                                 @typescript-eslint/no-unused-vars
  30:20  warning  'setAgeGroup' is assigned a value but never used. Allowed unused vars must match /^_/u                                                                              @typescript-eslint/no-unused-vars
  51:5   warning  Promises must be awaited, end with a call to .catch, end with a call to .then with a rejection handler or be explicitly marked as ignored with the `void` operator  @typescript-eslint/no-floating-promises

/Users/varsityhub/Desktop/CODE/VarsityHubMobile/app/onboarding/step-9-features.tsx
  32:9  warning  'returnToConfirmation' is assigned a value but never used. Allowed unused vars must match /^_/u                                                                     @typescript-eslint/no-unused-vars
  39:5  warning  Promises must be awaited, end with a call to .catch, end with a call to .then with a rejection handler or be explicitly marked as ignored with the `void` operator  @typescript-eslint/no-floating-promises
  53:6  warning  React Hook useEffect has a missing dependency: 'isDevice'. Either include it or remove the dependency array                                                         react-hooks/exhaustive-deps
  80:7  warning  Unexpected console statement                                                                                                                                        no-console
  96:9  warning  Promises must be awaited, end with a call to .catch, end with a call to .then with a rejection handler or be explicitly marked as ignored with the `void` operator  @typescript-eslint/no-floating-promises

/Users/varsityhub/Desktop/CODE/VarsityHubMobile/app/organization-join-requests.tsx
   71:5   warning  Promises must be awaited, end with a call to .catch, end with a call to .then with a rejection handler or be explicitly marked as ignored with the `void` operator  @typescript-eslint/no-floating-promises
  146:14  warning  '_error' is defined but never used                                                                                                                                  @typescript-eslint/no-unused-vars
  152:9   warning  'processedRequests' is assigned a value but never used. Allowed unused vars must match /^_/u                                                                        @typescript-eslint/no-unused-vars

/Users/varsityhub/Desktop/CODE/VarsityHubMobile/app/payment-success.tsx
  50:22  warning  '_error' is defined but never used                                                                                                                                  @typescript-eslint/no-unused-vars
  64:5   warning  Promises must be awaited, end with a call to .catch, end with a call to .then with a rejection handler or be explicitly marked as ignored with the `void` operator  @typescript-eslint/no-floating-promises
  65:6   warning  React Hook useEffect has a missing dependency: 'router'. Either include it or remove the dependency array                                                           react-hooks/exhaustive-deps
  91:14  warning  'err' is defined but never used                                                                                                                                     @typescript-eslint/no-unused-vars

/Users/varsityhub/Desktop/CODE/VarsityHubMobile/app/post-detail.tsx
  170:16  warning  '_error' is defined but never used                                                                                                                                  @typescript-eslint/no-unused-vars
  174:5   warning  Promises must be awaited, end with a call to .catch, end with a call to .then with a rejection handler or be explicitly marked as ignored with the `void` operator  @typescript-eslint/no-floating-promises
  213:5   warning  Promises must be awaited, end with a call to .catch, end with a call to .then with a rejection handler or be explicitly marked as ignored with the `void` operator  @typescript-eslint/no-floating-promises
  224:11  warning  Promises must be awaited, end with a call to .catch, end with a call to .then with a rejection handler or be explicitly marked as ignored with the `void` operator  @typescript-eslint/no-floating-promises
  329:14  warning  '_error' is defined but never used                                                                                                                                  @typescript-eslint/no-unused-vars
  348:14  warning  '_error' is defined but never used                                                                                                                                  @typescript-eslint/no-unused-vars

/Users/varsityhub/Desktop/CODE/VarsityHubMobile/app/report-abuse.tsx
  22:5   warning  Promises must be awaited, end with a call to .catch, end with a call to .then with a rejection handler or be explicitly marked as ignored with the `void` operator  @typescript-eslint/no-floating-promises
  32:16  warning  '_error' is defined but never used                                                                                                                                  @typescript-eslint/no-unused-vars

/Users/varsityhub/Desktop/CODE/VarsityHubMobile/app/request-join-organization.tsx
  33:10  warning  'loading' is assigned a value but never used. Allowed unused vars must match /^_/u                                                                                  @typescript-eslint/no-unused-vars
  33:19  warning  'setLoading' is assigned a value but never used. Allowed unused vars must match /^_/u                                                                               @typescript-eslint/no-unused-vars
  85:7   warning  Promises must be awaited, end with a call to .catch, end with a call to .then with a rejection handler or be explicitly marked as ignored with the `void` operator  @typescript-eslint/no-floating-promises

/Users/varsityhub/Desktop/CODE/VarsityHubMobile/app/role-onboarding.tsx
  31:25  warning  'event' is defined but never used. Allowed unused args must match /^_/u                                                                                             @typescript-eslint/no-unused-vars
  31:40  warning  'data' is defined but never used. Allowed unused args must match /^_/u                                                                                              @typescript-eslint/no-unused-vars
  33:14  warning  '_error' is defined but never used                                                                                                                                  @typescript-eslint/no-unused-vars
  39:5   warning  Promises must be awaited, end with a call to .catch, end with a call to .then with a rejection handler or be explicitly marked as ignored with the `void` operator  @typescript-eslint/no-floating-promises
  75:16  warning  '_error' is defined but never used                                                                                                                                  @typescript-eslint/no-unused-vars

/Users/varsityhub/Desktop/CODE/VarsityHubMobile/app/rsvp-history.tsx
  21:10  warning  'showDatePicker' is assigned a value but never used. Allowed unused vars must match /^_/u                                                                           @typescript-eslint/no-unused-vars
  21:26  warning  'setShowDatePicker' is assigned a value but never used. Allowed unused vars must match /^_/u                                                                        @typescript-eslint/no-unused-vars
  25:5   warning  Promises must be awaited, end with a call to .catch, end with a call to .then with a rejection handler or be explicitly marked as ignored with the `void` operator  @typescript-eslint/no-floating-promises
  31:16  warning  'e' is defined but never used                                                                                                                                       @typescript-eslint/no-unused-vars

/Users/varsityhub/Desktop/CODE/VarsityHubMobile/app/season-stats.tsx
  42:9   warning  'router' is assigned a value but never used. Allowed unused vars must match /^_/u      @typescript-eslint/no-unused-vars
  44:9   warning  'insets' is assigned a value but never used. Allowed unused vars must match /^_/u      @typescript-eslint/no-unused-vars
  46:10  warning  'loading' is assigned a value but never used. Allowed unused vars must match /^_/u     @typescript-eslint/no-unused-vars
  46:19  warning  'setLoading' is assigned a value but never used. Allowed unused vars must match /^_/u  @typescript-eslint/no-unused-vars

/Users/varsityhub/Desktop/CODE/VarsityHubMobile/app/settings/contact.tsx
  18:21   warning  Promises must be awaited, end with a call to .catch, end with a call to .then with a rejection handler or be explicitly marked as ignored with the `void` operator  @typescript-eslint/no-floating-promises
  18:144  warning  '_error' is defined but never used                                                                                                                                  @typescript-eslint/no-unused-vars

/Users/varsityhub/Desktop/CODE/VarsityHubMobile/app/settings/edit-username.tsx
  18:5   warning  Promises must be awaited, end with a call to .catch, end with a call to .then with a rejection handler or be explicitly marked as ignored with the `void` operator  @typescript-eslint/no-floating-promises
  22:16  warning  '_error' is defined but never used                                                                                                                                  @typescript-eslint/no-unused-vars

/Users/varsityhub/Desktop/CODE/VarsityHubMobile/app/settings/feedback.tsx
  17:21  warning  Promises must be awaited, end with a call to .catch, end with a call to .then with a rejection handler or be explicitly marked as ignored with the `void` operator  @typescript-eslint/no-floating-promises
  17:68  warning  '_error' is defined but never used                                                                                                                                  @typescript-eslint/no-unused-vars

/Users/varsityhub/Desktop/CODE/VarsityHubMobile/app/settings/followed-teams.tsx
  10:21  warning  Promises must be awaited, end with a call to .catch, end with a call to .then with a rejection handler or be explicitly marked as ignored with the `void` operator  @typescript-eslint/no-floating-promises

/Users/varsityhub/Desktop/CODE/VarsityHubMobile/app/settings/manage-subscription.tsx
  36:14   warning  '_error' is defined but never used                                                                                                                                  @typescript-eslint/no-unused-vars
  42:5    warning  Promises must be awaited, end with a call to .catch, end with a call to .then with a rejection handler or be explicitly marked as ignored with the `void` operator  @typescript-eslint/no-floating-promises
  47:7    warning  Promises must be awaited, end with a call to .catch, end with a call to .then with a rejection handler or be explicitly marked as ignored with the `void` operator  @typescript-eslint/no-floating-promises
  96:195  warning  'e' is defined but never used                                                                                                                                       @typescript-eslint/no-unused-vars

/Users/varsityhub/Desktop/CODE/VarsityHubMobile/app/settings/request-host-event.tsx
  18:21   warning  Promises must be awaited, end with a call to .catch, end with a call to .then with a rejection handler or be explicitly marked as ignored with the `void` operator  @typescript-eslint/no-floating-promises
  18:144  warning  '_error' is defined but never used                                                                                                                                  @typescript-eslint/no-unused-vars

/Users/varsityhub/Desktop/CODE/VarsityHubMobile/app/settings/zip-code.tsx
  20:21   warning  Promises must be awaited, end with a call to .catch, end with a call to .then with a rejection handler or be explicitly marked as ignored with the `void` operator  @typescript-eslint/no-floating-promises
  20:133  warning  '_error' is defined but never used                                                                                                                                  @typescript-eslint/no-unused-vars

/Users/varsityhub/Desktop/CODE/VarsityHubMobile/app/sign-in.tsx
   40:37  warning  'appleLoading' is assigned a value but never used. Allowed unused vars must match /^_/u  @typescript-eslint/no-unused-vars
   40:58  warning  'appleReady' is assigned a value but never used. Allowed unused vars must match /^_/u    @typescript-eslint/no-unused-vars
   64:22  warning  Unexpected console statement                                                             no-console
   71:20  warning  Unexpected console statement                                                             no-console
  110:20  warning  Unexpected console statement                                                             no-console
  147:20  warning  Unexpected console statement                                                             no-console

/Users/varsityhub/Desktop/CODE/VarsityHubMobile/app/sign-up.tsx
  29:37  warning  'appleLoading' is assigned a value but never used. Allowed unused vars must match /^_/u  @typescript-eslint/no-unused-vars
  29:58  warning  'appleReady' is assigned a value but never used. Allowed unused vars must match /^_/u    @typescript-eslint/no-unused-vars
  37:11  warning  'base' is assigned a value but never used. Allowed unused vars must match /^_/u          @typescript-eslint/no-unused-vars

/Users/varsityhub/Desktop/CODE/VarsityHubMobile/app/submit-ad.tsx
   69:16  warning  '_error' is defined but never used                                                        @typescript-eslint/no-unused-vars
   90:16  warning  '_error' is defined but never used                                                        @typescript-eslint/no-unused-vars
  122:16  warning  '_error' is defined but never used                                                        @typescript-eslint/no-unused-vars
  132:9   warning  'topPadding' is assigned a value but never used. Allowed unused vars must match /^_/u     @typescript-eslint/no-unused-vars
  133:9   warning  'bottomPadding' is assigned a value but never used. Allowed unused vars must match /^_/u  @typescript-eslint/no-unused-vars

/Users/varsityhub/Desktop/CODE/VarsityHubMobile/app/submit-ad.web.tsx
   70:16  warning  '_error' is defined but never used                                                        @typescript-eslint/no-unused-vars
   91:16  warning  '_error' is defined but never used                                                        @typescript-eslint/no-unused-vars
  123:16  warning  '_error' is defined but never used                                                        @typescript-eslint/no-unused-vars
  133:9   warning  'topPadding' is assigned a value but never used. Allowed unused vars must match /^_/u     @typescript-eslint/no-unused-vars
  134:9   warning  'bottomPadding' is assigned a value but never used. Allowed unused vars must match /^_/u  @typescript-eslint/no-unused-vars

/Users/varsityhub/Desktop/CODE/VarsityHubMobile/app/subscription-paywall.tsx
  30:9  warning  'router' is assigned a value but never used. Allowed unused vars must match /^_/u  @typescript-eslint/no-unused-vars

/Users/varsityhub/Desktop/CODE/VarsityHubMobile/app/team-contacts.tsx
    26:19  warning  'source' is defined but never used. Allowed unused args must match /^_/u                                                                                            @typescript-eslint/no-unused-vars
    26:32  warning  'initialStatus' is defined but never used. Allowed unused args must match /^_/u                                                                                     @typescript-eslint/no-unused-vars
    82:9   warning  'router' is assigned a value but never used. Allowed unused vars must match /^_/u                                                                                   @typescript-eslint/no-unused-vars
   105:10  warning  'recordingUri' is assigned a value but never used. Allowed unused vars must match /^_/u                                                                             @typescript-eslint/no-unused-vars
   140:14  warning  '_error' is defined but never used                                                                                                                                  @typescript-eslint/no-unused-vars
   143:6   warning  React Hook useCallback has a missing dependency: 'error'. Either include it or remove the dependency array                                                          react-hooks/exhaustive-deps
   149:14  warning  '_error' is defined but never used                                                                                                                                  @typescript-eslint/no-unused-vars
   153:6   warning  React Hook useCallback has a missing dependency: 'error'. Either include it or remove the dependency array                                                          react-hooks/exhaustive-deps
   168:14  warning  '_error' is defined but never used                                                                                                                                  @typescript-eslint/no-unused-vars
   171:6   warning  React Hook useCallback has a missing dependency: 'error'. Either include it or remove the dependency array                                                          react-hooks/exhaustive-deps
   178:14  warning  '_error' is defined but never used                                                                                                                                  @typescript-eslint/no-unused-vars
   182:6   warning  React Hook useCallback has a missing dependency: 'error'. Either include it or remove the dependency array                                                          react-hooks/exhaustive-deps
   189:52  warning  'delay' is defined but never used. Allowed unused args must match /^_/u                                                                                             @typescript-eslint/no-unused-vars
   243:9   warning  'animateReaction' is assigned a value but never used. Allowed unused vars must match /^_/u                                                                          @typescript-eslint/no-unused-vars
   261:9   warning  'mockFiles' is assigned a value but never used. Allowed unused vars must match /^_/u                                                                                @typescript-eslint/no-unused-vars
   350:5   warning  Promises must be awaited, end with a call to .catch, end with a call to .then with a rejection handler or be explicitly marked as ignored with the `void` operator  @typescript-eslint/no-floating-promises
   393:16  warning  'e' is defined but never used                                                                                                                                       @typescript-eslint/no-unused-vars
   433:9   warning  Promises must be awaited, end with a call to .catch, end with a call to .then with a rejection handler or be explicitly marked as ignored with the `void` operator  @typescript-eslint/no-floating-promises
   468:14  warning  '_error' is defined but never used                                                                                                                                  @typescript-eslint/no-unused-vars
   618:9   warning  Promises must be awaited, end with a call to .catch, end with a call to .then with a rejection handler or be explicitly marked as ignored with the `void` operator  @typescript-eslint/no-floating-promises
   651:9   warning  Promises must be awaited, end with a call to .catch, end with a call to .then with a rejection handler or be explicitly marked as ignored with the `void` operator  @typescript-eslint/no-floating-promises
   673:9   warning  Promises must be awaited, end with a call to .catch, end with a call to .then with a rejection handler or be explicitly marked as ignored with the `void` operator  @typescript-eslint/no-floating-promises
   678:14  warning  '_error' is defined but never used                                                                                                                                  @typescript-eslint/no-unused-vars
   693:9   warning  Promises must be awaited, end with a call to .catch, end with a call to .then with a rejection handler or be explicitly marked as ignored with the `void` operator  @typescript-eslint/no-floating-promises
   699:6   warning  React Hook useCallback has a missing dependency: 'error'. Either include it or remove the dependency array                                                          react-hooks/exhaustive-deps
   712:14  warning  '_error' is defined but never used                                                                                                                                  @typescript-eslint/no-unused-vars
   727:14  warning  '_error' is defined but never used                                                                                                                                  @typescript-eslint/no-unused-vars
   746:14  warning  '_error' is defined but never used                                                                                                                                  @typescript-eslint/no-unused-vars
   784:9   warning  Promises must be awaited, end with a call to .catch, end with a call to .then with a rejection handler or be explicitly marked as ignored with the `void` operator  @typescript-eslint/no-floating-promises
   803:11  warning  Promises must be awaited, end with a call to .catch, end with a call to .then with a rejection handler or be explicitly marked as ignored with the `void` operator  @typescript-eslint/no-floating-promises
   808:14  warning  '_error' is defined but never used                                                                                                                                  @typescript-eslint/no-unused-vars
   834:14  warning  '_error' is defined but never used                                                                                                                                  @typescript-eslint/no-unused-vars
   894:14  warning  '_error' is defined but never used                                                                                                                                  @typescript-eslint/no-unused-vars
   931:9   warning  Promises must be awaited, end with a call to .catch, end with a call to .then with a rejection handler or be explicitly marked as ignored with the `void` operator  @typescript-eslint/no-floating-promises
   970:9   warning  Promises must be awaited, end with a call to .catch, end with a call to .then with a rejection handler or be explicitly marked as ignored with the `void` operator  @typescript-eslint/no-floating-promises
   992:9   warning  Promises must be awaited, end with a call to .catch, end with a call to .then with a rejection handler or be explicitly marked as ignored with the `void` operator  @typescript-eslint/no-floating-promises
   997:14  warning  '_error' is defined but never used                                                                                                                                  @typescript-eslint/no-unused-vars
  1001:13  warning  'messageId' is assigned a value but never used. Allowed unused vars must match /^_/u                                                                                @typescript-eslint/no-unused-vars
  1013:9   warning  Promises must be awaited, end with a call to .catch, end with a call to .then with a rejection handler or be explicitly marked as ignored with the `void` operator  @typescript-eslint/no-floating-promises
  1020:6   warning  React Hook useCallback has a missing dependency: 'error'. Either include it or remove the dependency array                                                          react-hooks/exhaustive-deps
  1033:14  warning  '_error' is defined but never used                                                                                                                                  @typescript-eslint/no-unused-vars
  1067:14  warning  '_error' is defined but never used                                                                                                                                  @typescript-eslint/no-unused-vars
  1143:18  warning  '_error' is defined but never used                                                                                                                                  @typescript-eslint/no-unused-vars
  1177:14  warning  '_error' is defined but never used                                                                                                                                  @typescript-eslint/no-unused-vars
  1181:6   warning  React Hook useCallback has a missing dependency: 'error'. Either include it or remove the dependency array                                                          react-hooks/exhaustive-deps
  1206:11  warning  'handleDoubleTap' is assigned a value but never used. Allowed unused vars must match /^_/u                                                                          @typescript-eslint/no-unused-vars
  1837:21  warning  Promises must be awaited, end with a call to .catch, end with a call to .then with a rejection handler or be explicitly marked as ignored with the `void` operator  @typescript-eslint/no-floating-promises
  1881:21  warning  Promises must be awaited, end with a call to .catch, end with a call to .then with a rejection handler or be explicitly marked as ignored with the `void` operator  @typescript-eslint/no-floating-promises
  1914:21  warning  Promises must be awaited, end with a call to .catch, end with a call to .then with a rejection handler or be explicitly marked as ignored with the `void` operator  @typescript-eslint/no-floating-promises
  1975:19  warning  Promises must be awaited, end with a call to .catch, end with a call to .then with a rejection handler or be explicitly marked as ignored with the `void` operator  @typescript-eslint/no-floating-promises
  1995:19  warning  Promises must be awaited, end with a call to .catch, end with a call to .then with a rejection handler or be explicitly marked as ignored with the `void` operator  @typescript-eslint/no-floating-promises

/Users/varsityhub/Desktop/CODE/VarsityHubMobile/app/team-hub.tsx
  39:10  warning  'activeTab' is assigned a value but never used. Allowed unused vars must match /^_/u                                                                                @typescript-eslint/no-unused-vars
  39:21  warning  'setActiveTab' is assigned a value but never used. Allowed unused vars must match /^_/u                                                                             @typescript-eslint/no-unused-vars
  62:5   warning  Promises must be awaited, end with a call to .catch, end with a call to .then with a rejection handler or be explicitly marked as ignored with the `void` operator  @typescript-eslint/no-floating-promises

/Users/varsityhub/Desktop/CODE/VarsityHubMobile/app/team-invites.tsx
  36:14  warning  '_error' is defined but never used  @typescript-eslint/no-unused-vars
  50:14  warning  '_error' is defined but never used  @typescript-eslint/no-unused-vars

/Users/varsityhub/Desktop/CODE/VarsityHubMobile/app/team-page.tsx
   63:10  warning  'teams' is assigned a value but never used. Allowed unused vars must match /^_/u                                                                                    @typescript-eslint/no-unused-vars
  228:5   warning  Promises must be awaited, end with a call to .catch, end with a call to .then with a rejection handler or be explicitly marked as ignored with the `void` operator  @typescript-eslint/no-floating-promises
  243:9   warning  'renderTeamCard' is assigned a value but never used. Allowed unused vars must match /^_/u                                                                           @typescript-eslint/no-unused-vars

/Users/varsityhub/Desktop/CODE/VarsityHubMobile/app/team-profile.tsx
   73:10  warning  'inviteEmail' is assigned a value but never used. Allowed unused vars must match /^_/u                                                                              @typescript-eslint/no-unused-vars
   73:23  warning  'setInviteEmail' is assigned a value but never used. Allowed unused vars must match /^_/u                                                                           @typescript-eslint/no-unused-vars
   76:23  warning  'setCustomRoles' is assigned a value but never used. Allowed unused vars must match /^_/u                                                                           @typescript-eslint/no-unused-vars
  224:9   warning  'sportPositions' is assigned a value but never used. Allowed unused vars must match /^_/u                                                                           @typescript-eslint/no-unused-vars
  280:14  warning  '_error' is defined but never used                                                                                                                                  @typescript-eslint/no-unused-vars
  324:14  warning  '_error' is defined but never used                                                                                                                                  @typescript-eslint/no-unused-vars
  336:6   warning  React Hook useCallback has a missing dependency: 'error'. Either include it or remove the dependency array                                                          react-hooks/exhaustive-deps
  349:7   warning  Promises must be awaited, end with a call to .catch, end with a call to .then with a rejection handler or be explicitly marked as ignored with the `void` operator  @typescript-eslint/no-floating-promises
  395:5   warning  Promises must be awaited, end with a call to .catch, end with a call to .then with a rejection handler or be explicitly marked as ignored with the `void` operator  @typescript-eslint/no-floating-promises
  485:14  warning  '_error' is defined but never used                                                                                                                                  @typescript-eslint/no-unused-vars
  513:22  warning  '_error' is defined but never used                                                                                                                                  @typescript-eslint/no-unused-vars
  854:79  warning  Unexpected console statement                                                                                                                                        no-console

/Users/varsityhub/Desktop/CODE/VarsityHubMobile/app/team-viewer.tsx
  113:5  warning  Promises must be awaited, end with a call to .catch, end with a call to .then with a rejection handler or be explicitly marked as ignored with the `void` operator  @typescript-eslint/no-floating-promises

/Users/varsityhub/Desktop/CODE/VarsityHubMobile/app/verify-email.tsx
  41:9   warning  'openEmailApp' is assigned a value but never used. Allowed unused vars must match /^_/u  @typescript-eslint/no-unused-vars
  58:14  warning  '_error' is defined but never used                                                       @typescript-eslint/no-unused-vars
  75:22  warning  Unexpected console statement                                                             no-console

/Users/varsityhub/Desktop/CODE/VarsityHubMobile/components/AddGameModal.tsx
  53:37  warning  'loadingTeams' is assigned a value but never used. Allowed unused vars must match /^_/u  @typescript-eslint/no-unused-vars

/Users/varsityhub/Desktop/CODE/VarsityHubMobile/components/BannerUpload.tsx
   45:21  warning  'setUploading' is assigned a value but never used. Allowed unused vars must match /^_/u                         @typescript-eslint/no-unused-vars
  138:6   warning  React Hook useEffect has a missing dependency: 'hintOpacity'. Either include it or remove the dependency array  react-hooks/exhaustive-deps

/Users/varsityhub/Desktop/CODE/VarsityHubMobile/components/BulkScheduleModal.tsx
   46:3   warning  'currentTeamName' is defined but never used. Allowed unused args must match /^_/u                                                                                   @typescript-eslint/no-unused-vars
  127:7   warning  Promises must be awaited, end with a call to .catch, end with a call to .then with a rejection handler or be explicitly marked as ignored with the `void` operator  @typescript-eslint/no-floating-promises
  187:14  warning  '_error' is defined but never used                                                                                                                                  @typescript-eslint/no-unused-vars

/Users/varsityhub/Desktop/CODE/VarsityHubMobile/components/CollageView.tsx
  113:50  warning  'index' is defined but never used. Allowed unused args must match /^_/u  @typescript-eslint/no-unused-vars

/Users/varsityhub/Desktop/CODE/VarsityHubMobile/components/EventMap.tsx
  50:5  warning  Promises must be awaited, end with a call to .catch, end with a call to .then with a rejection handler or be explicitly marked as ignored with the `void` operator  @typescript-eslint/no-floating-promises

/Users/varsityhub/Desktop/CODE/VarsityHubMobile/components/EventMergeSuggestionModal.tsx
  71:14  warning  '_error' is defined but never used  @typescript-eslint/no-unused-vars

/Users/varsityhub/Desktop/CODE/VarsityHubMobile/components/OfflineBanner.tsx
  16:9  warning  'colorScheme' is assigned a value but never used. Allowed unused vars must match /^_/u  @typescript-eslint/no-unused-vars

/Users/varsityhub/Desktop/CODE/VarsityHubMobile/components/PostCard.tsx
  46:5  warning  Promises must be awaited, end with a call to .catch, end with a call to .then with a rejection handler or be explicitly marked as ignored with the `void` operator  @typescript-eslint/no-floating-promises

/Users/varsityhub/Desktop/CODE/VarsityHubMobile/components/QuickAddGameModal.tsx
  121:10  warning  'uploadingBanner' is assigned a value but never used. Allowed unused vars must match /^_/u  @typescript-eslint/no-unused-vars
  447:14  warning  '_error' is defined but never used                                                          @typescript-eslint/no-unused-vars
  471:14  warning  '_error' is defined but never used                                                          @typescript-eslint/no-unused-vars
  886:31  warning  'url' is assigned a value but never used. Allowed unused vars must match /^_/u              @typescript-eslint/no-unused-vars

✖ 380 problems (0 errors, 380 warnings)

