npm warn Unknown project config "audIt". This will stop working in the next major version of npm.
env: load .env
env: export EXPO_PUBLIC_SENTRY_DSN EXPO_PUBLIC_API_URL EXPO_PUBLIC_APP_SCHEME EXPO_PUBLIC_NODE_ENV EXPO_PUBLIC_DEV_VERIFICATION_CODE EXPO_PUBLIC_GOOGLE_IOS_CLIENT_ID EXPO_PUBLIC_GOOGLE_WEB_CLIENT_ID EXPO_PUBLIC_GOOGLE_ANDROID_CLIENT_ID EXPO_PUBLIC_GOOGLE_EXPO_CLIENT_ID EXPO_PUBLIC_STRIPE_PUBLISHABLE_KEY EXPO_PUBLIC_ADMIN_EMAILS SENDGRID_API_KEY EMAIL_FROM SENDGRID_VERIFICATION_TEMPLATE_ID SENDGRID_PASSWORD_RESET_TEMPLATE_ID SENDGRID_PASSWORD_CHANGED_TEMPLATE_ID SENDGRID_ACCOUNT_RECOVERY_TEMPLATE_ID SENDGRID_LOGIN_NEW_DEVICE_TEMPLATE_ID SENDGRID_REPORT_RESOLVED_TEMPLATE_ID SENDGRID_REPORT_DISMISSED_TEMPLATE_ID SENDGRID_ACCOUNT_WARNING_TEMPLATE_ID SENDGRID_CONTENT_REMOVED_TEMPLATE_ID SENDGRID_ACCOUNT_SUSPENSION_7_DAYS_TEMPLATE_ID SENDGRID_ACCOUNT_SUSPENSION_45_DAYS_TEMPLATE_ID SENDGRID_ACCOUNT_PERMANENT_BAN_TEMPLATE_ID SENDGRID_EVENT_SUBMISSION_RECEIVED_TEMPLATE_ID SENDGRID_EVENT_APPROVED_TEMPLATE_ID SENDGRID_EVENT_DENIED_TEMPLATE_ID SENDGRID_EVENT_REMINDER_TEMPLATE_ID SENDGRID_EVENT_UPDATED_TEMPLATE_ID SENDGRID_EVENT_CANCELED_TEMPLATE_ID SENDGRID_EVENT_RSVP_CONFIRMED_TEMPLATE_ID SENDGRID_ORG_INVITE_TEMPLATE_ID SENDGRID_TEAM_INVITE_TEMPLATE_ID SENDGRID_ATHLETE_INVITATION_TEMPLATE_ID SENDGRID_ROLE_ASSIGNMENT_TEMPLATE_ID SENDGRID_ROSTER_THRESHOLD_TEMPLATE_ID SENDGRID_INVITATION_DECLINED_TEMPLATE_ID SENDGRID_TEAM_ROSTER_UPDATE_TEMPLATE_ID SENDGRID_STAFF_MEMBER_JOINED_TEMPLATE_ID SENDGRID_USER_CONFIRMATION_TEMPLATE_ID SENDGRID_PAYMENT_FAILED_TEMPLATE_ID SENDGRID_SUBSCRIPTION_EXPIRING_TEMPLATE_ID
Starting project at /Users/varsityhub/Desktop/CODE/VarsityHubMobile
Starting Metro Bundler
Waiting on http://localhost:8082
Logs for your project will appear below.
Recrawled this watch 7 times, most recently because:
MustScanSubDirs UserDroppedTo resolve, please review the information on
https://facebook.github.io/watchman/docs/troubleshooting.html#recrawl
To clear this warning, run:
`watchman watch-del '/Users/varsityhub/Desktop/CODE/VarsityHubMobile' ; watchman watch-project '/Users/varsityhub/Desktop/CODE/VarsityHubMobile'`

Warning: Unable to resolve manifest assets. Icons and fonts might not work. Cannot find module '../../../utils/dir'
Require stack:
- /Users/varsityhub/Desktop/CODE/VarsityHubMobile/node_modules/expo/node_modules/@expo/cli/build/src/api/rest/cache/FileSystemResponseCache.js
- /Users/varsityhub/Desktop/CODE/VarsityHubMobile/node_modules/expo/node_modules/@expo/cli/build/src/api/rest/client.js
- /Users/varsityhub/Desktop/CODE/VarsityHubMobile/node_modules/expo/node_modules/@expo/cli/build/src/api/getExpoGoIntermediateCertificate.js
- /Users/varsityhub/Desktop/CODE/VarsityHubMobile/node_modules/expo/node_modules/@expo/cli/build/src/utils/codesigning.js
- /Users/varsityhub/Desktop/CODE/VarsityHubMobile/node_modules/expo/node_modules/@expo/cli/build/src/api/user/user.js
- /Users/varsityhub/Desktop/CODE/VarsityHubMobile/node_modules/expo/node_modules/@expo/cli/build/src/utils/telemetry/index.js
- /Users/varsityhub/Desktop/CODE/VarsityHubMobile/node_modules/expo/node_modules/@expo/cli/build/bin/cli
- /Users/varsityhub/Desktop/CODE/VarsityHubMobile/node_modules/expo/bin/cli.
iOS node_modules/expo-router/entry.js ░░░░░░░░░░░░░░░░  0.0% (0/1)
iOS Bundling failed 5116ms node_modules/expo-router/entry.js (1 module)
iOS node_modules/expo-router/entry.js ▓▓▓▓▓▓▓▓▓▓▓▓▓▓▓░ 96.1% (2805/2862)
iOS node_modules/expo-router/entry.js ░░░░░░░░░░░░░░░░  0.0% (0/1)
iOS node_modules/expo-router/entry.js ░░░░░░░░░░░░░░░░  0.0% (0/1)
 ERROR  ENOENT: no such file or directory, open '/Users/varsityhub/Desktop/CODE/VarsityHubMobile/node_modules/sentry-expo/node_modules/@sentry/react-native/package.json'

Import stack:

 node_modules/sentry-expo/build/sentry.js
 | import "@sentry/react-native"

 node_modules/sentry-expo/build/index.js
 | import "./sentry"

 utils/sentry.ts
 | import "sentry-expo"

 app/_layout.tsx
 | import "../utils/sentry"

 app (require.context)

Error: Cannot parse given Error object
    at Object.ErrorStackParser$$parse [as parse] (/Users/varsityhub/Desktop/CODE/VarsityHubMobile/node_modules/error-stack-parser/error-stack-parser.js:35:23)
    at formatBundlingError (/Users/varsityhub/Desktop/CODE/VarsityHubMobile/node_modules/@expo/metro/node_modules/metro/src/lib/formatBundlingError.js:82:45)
    at Server.requestProcessor [as _processBundleRequest] (/Users/varsityhub/Desktop/CODE/VarsityHubMobile/node_modules/@expo/metro/node_modules/metro/src/Server.js:736:65)
    at Server._processRequest (/Users/varsityhub/Desktop/CODE/VarsityHubMobile/node_modules/@expo/metro/node_modules/metro/src/Server.js:503:7)
Error: Cannot parse given Error object
    at Object.ErrorStackParser$$parse [as parse] (/Users/varsityhub/Desktop/CODE/VarsityHubMobile/node_modules/error-stack-parser/error-stack-parser.js:35:23)
    at formatBundlingError (/Users/varsityhub/Desktop/CODE/VarsityHubMobile/node_modules/@expo/metro/node_modules/metro/src/lib/formatBundlingError.js:82:45)
    at Server.requestProcessor [as _processBundleRequest] (/Users/varsityhub/Desktop/CODE/VarsityHubMobile/node_modules/@expo/metro/node_modules/metro/src/Server.js:736:65)
    at Server._processRequest (/Users/varsityhub/Desktop/CODE/VarsityHubMobile/node_modules/@expo/metro/node_modules/metro/src/Server.js:503:7)
iOS Bundling failed 877ms node_modules/expo-router/entry.js (2753 modules)
 ERROR  ENOENT: no such file or directory, open '/Users/varsityhub/Desktop/CODE/VarsityHubMobile/node_modules/sentry-expo/node_modules/@sentry/react-native/package.json'

Import stack:

 node_modules/sentry-expo/build/sentry.js
 | import "@sentry/react-native"

 node_modules/sentry-expo/build/index.js
 | import "./sentry"

 utils/sentry.ts
 | import "sentry-expo"

 app/_layout.tsx
 | import "../utils/sentry"

 app (require.context)

iOS node_modules/expo-router/entry.js ▓▓▓▓▓▓▓▓▓▓▓▓▓▓▓░ 99.9% (2909/2909)
iOS node_modules/expo-router/entry.js ░░░░░░░░░░░░░░░░  0.0% (0/1)
iOS node_modules/expo-router/entry.js ▓▓▓▓▓▓▓▓▓▓▓▓▓▓▓░ 99.9% (2909/2909)
iOS node_modules/expo-router/entry.js ░░░░░░░░░░░░░░░░  0.0% (0/1)
iOS node_modules/expo-router/entry.js ░░░░░░░░░░░░░░░░  0.0% (0/1)
iOS Bundling failed 886ms node_modules/expo-router/entry.js (2635 modules)
 ERROR  ENOENT: no such file or directory, open '/Users/varsityhub/Desktop/CODE/VarsityHubMobile/node_modules/sentry-expo/node_modules/@sentry/react-native/package.json'

Import stack:

 node_modules/sentry-expo/build/sentry.js
 | import "@sentry/react-native"

 node_modules/sentry-expo/build/index.js
 | import "./sentry"

 utils/sentry.ts
 | import "sentry-expo"

 app/_layout.tsx
 | import "../utils/sentry"

 app (require.context)

iOS node_modules/expo-router/entry.js ▓▓▓▓▓▓▓▓▓▓▓▓▓▓▓░ 99.9% (2909/2909)
iOS node_modules/expo-router/entry.js ░░░░░░░░░░░░░░░░  0.0% (0/1)
iOS node_modules/expo-router/entry.js ▓▓▓▓▓▓▓▓▓▓▓▓▓▓▓░ 99.9% (2909/2909)
iOS node_modules/expo-router/entry.js ░░░░░░░░░░░░░░░░  0.0% (0/1)
iOS node_modules/expo-router/entry.js ░░░░░░░░░░░░░░░░  0.0% (0/1)
iOS Bundling failed 628ms node_modules/expo-router/entry.js (2842 modules)
 ERROR  ENOENT: no such file or directory, open '/Users/varsityhub/Desktop/CODE/VarsityHubMobile/node_modules/sentry-expo/node_modules/@sentry/react-native/package.json'

Import stack:

 node_modules/sentry-expo/build/sentry.js
 | import "@sentry/react-native"

 node_modules/sentry-expo/build/index.js
 | import "./sentry"

 utils/sentry.ts
 | import "sentry-expo"

 app/_layout.tsx
 | import "../utils/sentry"

 app (require.context)

iOS node_modules/expo-router/entry.js ▓▓▓▓▓▓▓▓▓▓▓▓▓▓▓░ 99.9% (2909/2909)
iOS node_modules/expo-router/entry.js ░░░░░░░░░░░░░░░░  0.0% (0/1)
iOS node_modules/expo-router/entry.js ▓▓▓▓▓▓▓▓▓▓▓▓▓▓▓░ 99.9% (2909/2909)
iOS node_modules/expo-router/entry.js ░░░░░░░░░░░░░░░░  0.0% (0/1)
iOS node_modules/expo-router/entry.js ░░░░░░░░░░░░░░░░  0.0% (0/1)
iOS Bundling failed 658ms node_modules/expo-router/entry.js (2751 modules)
 ERROR  ENOENT: no such file or directory, open '/Users/varsityhub/Desktop/CODE/VarsityHubMobile/node_modules/sentry-expo/node_modules/@sentry/react-native/package.json'

Import stack:

 node_modules/sentry-expo/build/sentry.js
 | import "@sentry/react-native"

 node_modules/sentry-expo/build/index.js
 | import "./sentry"

 utils/sentry.ts
 | import "sentry-expo"

 app/_layout.tsx
 | import "../utils/sentry"

 app (require.context)

iOS Bundling failed 596ms node_modules/expo-router/entry.js (2451 modules)
 ERROR  ENOENT: no such file or directory, open '/Users/varsityhub/Desktop/CODE/VarsityHubMobile/node_modules/sentry-expo/node_modules/@sentry/react-native/package.json'

Import stack:

 node_modules/sentry-expo/build/sentry.js
 | import "@sentry/react-native"

 node_modules/sentry-expo/build/index.js
 | import "./sentry"

 utils/sentry.ts
 | import "sentry-expo"

 app/_layout.tsx
 | import "../utils/sentry"

 app (require.context)

iOS node_modules/expo-router/entry.js ▓▓▓▓▓▓▓▓▓▓▓▓▓▓▓░ 99.9% (2909/2909)
iOS node_modules/expo-router/entry.js ░░░░░░░░░░░░░░░░  0.0% (0/1)
iOS node_modules/expo-router/entry.js ▓▓▓▓▓▓▓▓▓▓▓▓▓▓▓░ 99.9% (2909/2909)
iOS node_modules/expo-router/entry.js ░░░░░░░░░░░░░░░░  0.0% (0/1)
iOS node_modules/expo-router/entry.js ░░░░░░░░░░░░░░░░  0.0% (0/1)
iOS Bundling failed 660ms node_modules/expo-router/entry.js (2635 modules)
 ERROR  ENOENT: no such file or directory, open '/Users/varsityhub/Desktop/CODE/VarsityHubMobile/node_modules/sentry-expo/node_modules/@sentry/react-native/package.json'

Import stack:

 node_modules/sentry-expo/build/sentry.js
 | import "@sentry/react-native"

 node_modules/sentry-expo/build/index.js
 | import "./sentry"

 utils/sentry.ts
 | import "sentry-expo"

 app/_layout.tsx
 | import "../utils/sentry"

 app (require.context)

iOS node_modules/expo-router/entry.js ▓▓▓▓▓▓▓▓▓▓▓▓▓▓▓░ 99.9% (2909/2909)
iOS node_modules/expo-router/entry.js ░░░░░░░░░░░░░░░░  0.0% (0/1)
iOS Bundling failed 585ms node_modules/expo-router/entry.js (2473 modules)
 ERROR  ENOENT: no such file or directory, open '/Users/varsityhub/Desktop/CODE/VarsityHubMobile/node_modules/sentry-expo/node_modules/@sentry/react-native/package.json'

Import stack:

 node_modules/sentry-expo/build/sentry.js
 | import "@sentry/react-native"

 node_modules/sentry-expo/build/index.js
 | import "./sentry"

 utils/sentry.ts
 | import "sentry-expo"

 app/_layout.tsx
 | import "../utils/sentry"

 app (require.context)

iOS node_modules/expo-router/entry.js ▓▓▓▓▓▓▓▓▓▓▓▓▓▓▓░ 99.9% (2909/2909)
iOS node_modules/expo-router/entry.js ░░░░░░░░░░░░░░░░  0.0% (0/1)
iOS node_modules/expo-router/entry.js ▓▓▓▓▓▓▓▓▓▓▓▓▓▓▓░ 99.9% (2909/2909)
iOS node_modules/expo-router/entry.js ░░░░░░░░░░░░░░░░  0.0% (0/1)
iOS node_modules/expo-router/entry.js ░░░░░░░░░░░░░░░░  0.0% (0/1)
iOS Bundling failed 644ms node_modules/expo-router/entry.js (2702 modules)
 ERROR  ENOENT: no such file or directory, open '/Users/varsityhub/Desktop/CODE/VarsityHubMobile/node_modules/sentry-expo/node_modules/@sentry/react-native/package.json'

Import stack:

 node_modules/sentry-expo/build/sentry.js
 | import "@sentry/react-native"

 node_modules/sentry-expo/build/index.js
 | import "./sentry"

 utils/sentry.ts
 | import "sentry-expo"

 app/_layout.tsx
 | import "../utils/sentry"

 app (require.context)

iOS node_modules/expo-router/entry.js ▓▓▓▓▓▓▓▓▓▓▓▓▓▓▓░ 99.9% (2909/2909)
iOS node_modules/expo-router/entry.js ░░░░░░░░░░░░░░░░  0.0% (0/1)
iOS node_modules/expo-router/entry.js ▓▓▓▓▓▓▓▓▓▓▓▓▓▓▓░ 99.9% (2909/2909)
iOS node_modules/expo-router/entry.js ░░░░░░░░░░░░░░░░  0.0% (0/1)
iOS node_modules/expo-router/entry.js ░░░░░░░░░░░░░░░░  0.0% (0/1)
iOS Bundling failed 587ms node_modules/expo-router/entry.js (2568 modules)
 ERROR  ENOENT: no such file or directory, open '/Users/varsityhub/Desktop/CODE/VarsityHubMobile/node_modules/sentry-expo/node_modules/@sentry/react-native/package.json'

Import stack:

 node_modules/sentry-expo/build/sentry.js
 | import "@sentry/react-native"

 node_modules/sentry-expo/build/index.js
 | import "./sentry"

 utils/sentry.ts
 | import "sentry-expo"

 app/_layout.tsx
 | import "../utils/sentry"

 app (require.context)

iOS Bundling failed 586ms node_modules/expo-router/entry.js (2505 modules)
 ERROR  ENOENT: no such file or directory, open '/Users/varsityhub/Desktop/CODE/VarsityHubMobile/node_modules/sentry-expo/node_modules/@sentry/react-native/package.json'

Import stack:

 node_modules/sentry-expo/build/sentry.js
 | import "@sentry/react-native"

 node_modules/sentry-expo/build/index.js
 | import "./sentry"

 utils/sentry.ts
 | import "sentry-expo"

 app/_layout.tsx
 | import "../utils/sentry"

 app (require.context)

iOS node_modules/expo-router/entry.js ▓▓▓▓▓▓▓▓▓▓▓▓▓▓▓░ 99.9% (2909/2909)
iOS node_modules/expo-router/entry.js ░░░░░░░░░░░░░░░░  0.0% (0/1)
iOS Bundling failed 589ms node_modules/expo-router/entry.js (2463 modules)
 ERROR  ENOENT: no such file or directory, open '/Users/varsityhub/Desktop/CODE/VarsityHubMobile/node_modules/sentry-expo/node_modules/@sentry/react-native/package.json'

Import stack:

 node_modules/sentry-expo/build/sentry.js
 | import "@sentry/react-native"

 node_modules/sentry-expo/build/index.js
 | import "./sentry"

 utils/sentry.ts
 | import "sentry-expo"

 app/_layout.tsx
 | import "../utils/sentry"

 app (require.context)

iOS node_modules/expo-router/entry.js ▓▓▓▓▓▓▓▓▓▓▓▓▓▓▓░ 99.9% (2909/2909)
iOS node_modules/expo-router/entry.js ░░░░░░░░░░░░░░░░  0.0% (0/1)
iOS node_modules/expo-router/entry.js ▓▓▓▓▓▓▓▓▓▓▓▓▓▓▓░ 99.9% (2909/2909)
iOS node_modules/expo-router/entry.js ░░░░░░░░░░░░░░░░  0.0% (0/1)
iOS node_modules/expo-router/entry.js ░░░░░░░░░░░░░░░░  0.0% (0/1)
iOS Bundling failed 703ms node_modules/expo-router/entry.js (2538 modules)
 ERROR  ENOENT: no such file or directory, open '/Users/varsityhub/Desktop/CODE/VarsityHubMobile/node_modules/sentry-expo/node_modules/@sentry/react-native/package.json'

Import stack:

 node_modules/sentry-expo/build/sentry.js
 | import "@sentry/react-native"

 node_modules/sentry-expo/build/index.js
 | import "./sentry"

 utils/sentry.ts
 | import "sentry-expo"

 app/_layout.tsx
 | import "../utils/sentry"

 app (require.context)

iOS node_modules/expo-router/entry.js ▓▓▓▓▓▓▓▓▓▓▓▓▓▓▓░ 99.9% (2909/2909)
iOS node_modules/expo-router/entry.js ░░░░░░░░░░░░░░░░  0.0% (0/1)
iOS node_modules/expo-router/entry.js ▓▓▓▓▓▓▓▓▓▓▓▓▓▓▓░ 99.9% (2909/2909)
iOS node_modules/expo-router/entry.js ░░░░░░░░░░░░░░░░  0.0% (0/1)
iOS node_modules/expo-router/entry.js ░░░░░░░░░░░░░░░░  0.0% (0/1)
iOS Bundling failed 680ms node_modules/expo-router/entry.js (2549 modules)
 ERROR  ENOENT: no such file or directory, open '/Users/varsityhub/Desktop/CODE/VarsityHubMobile/node_modules/sentry-expo/node_modules/@sentry/react-native/package.json'

Import stack:

 node_modules/sentry-expo/build/sentry.js
 | import "@sentry/react-native"

 node_modules/sentry-expo/build/index.js
 | import "./sentry"

 utils/sentry.ts
 | import "sentry-expo"

 app/_layout.tsx
 | import "../utils/sentry"

 app (require.context)

iOS node_modules/expo-router/entry.js ▓▓▓▓▓▓▓▓▓▓▓▓▓▓▓░ 99.9% (2909/2909)
iOS node_modules/expo-router/entry.js ░░░░░░░░░░░░░░░░  0.0% (0/1)
iOS node_modules/expo-router/entry.js ▓▓▓▓▓▓▓▓▓▓▓▓▓▓▓░ 99.9% (2909/2909)
iOS node_modules/expo-router/entry.js ░░░░░░░░░░░░░░░░  0.0% (0/1)
iOS node_modules/expo-router/entry.js ░░░░░░░░░░░░░░░░  0.0% (0/1)
iOS Bundling failed 2ms node_modules/expo-router/entry.js (1 module)
iOS node_modules/expo-router/entry.js ▓▓▓▓▓▓▓▓▓▓▓▓▓▓▓░ 99.9% (2909/2909)
iOS node_modules/expo-router/entry.js ░░░░░░░░░░░░░░░░  0.0% (0/1)
iOS node_modules/expo-router/entry.js ░░░░░░░░░░░░░░░░  0.0% (0/1)
 ERROR  Error: The resource `/Users/varsityhub/Desktop/CODE/VarsityHubMobile/node_modules/expo-router/entry.js` was not found.
    at /Users/varsityhub/Desktop/CODE/VarsityHubMobile/node_modules/@expo/metro/node_modules/metro/src/IncrementalBundler.js:291:24
    at gotStat (node:fs:2931:21)
    at FSReqCallback.oncomplete (node:fs:195:21)
iOS node_modules/expo-router/entry.js ▓▓▓▓▓▓▓▓▓▓▓▓▓▓▓░ 99.9% (2909/2909)
iOS node_modules/expo-router/entry.js ░░░░░░░░░░░░░░░░  0.0% (0/1)
iOS node_modules/expo-router/entry.js ▓▓▓▓▓▓▓▓▓▓▓▓▓▓▓░ 99.9% (2909/2909)
iOS node_modules/expo-router/entry.js ░░░░░░░░░░░░░░░░  0.0% (0/1)
iOS node_modules/expo-router/entry.js ░░░░░░░░░░░░░░░░  0.0% (0/1)
iOS Bundling failed 1ms node_modules/expo-router/entry.js (1 module)
 ERROR  Error: The resource `/Users/varsityhub/Desktop/CODE/VarsityHubMobile/node_modules/expo-router/entry.js` was not found.
    at /Users/varsityhub/Desktop/CODE/VarsityHubMobile/node_modules/@expo/metro/node_modules/metro/src/IncrementalBundler.js:291:24
    at gotStat (node:fs:2931:21)
    at FSReqCallback.oncomplete (node:fs:195:21)
iOS node_modules/expo-router/entry.js ▓▓▓▓▓▓▓▓▓▓▓▓▓▓▓░ 99.9% (2909/2909)
iOS node_modules/expo-router/entry.js ░░░░░░░░░░░░░░░░  0.0% (0/1)
iOS node_modules/expo-router/entry.js ▓▓▓▓▓▓▓▓▓▓▓▓▓▓▓░ 99.9% (2909/2909)
iOS node_modules/expo-router/entry.js ░░░░░░░░░░░░░░░░  0.0% (0/1)
iOS node_modules/expo-router/entry.js ░░░░░░░░░░░░░░░░  0.0% (0/1)
iOS Bundling failed 3ms node_modules/expo-router/entry.js (1 module)
 ERROR  Error: The resource `/Users/varsityhub/Desktop/CODE/VarsityHubMobile/node_modules/expo-router/entry.js` was not found.
    at /Users/varsityhub/Desktop/CODE/VarsityHubMobile/node_modules/@expo/metro/node_modules/metro/src/IncrementalBundler.js:291:24
    at gotStat (node:fs:2931:21)
    at FSReqCallback.oncomplete (node:fs:195:21)
iOS node_modules/expo-router/entry.js ▓▓▓▓▓▓▓▓▓▓▓▓▓▓▓░ 99.9% (2909/2909)
iOS node_modules/expo-router/entry.js ░░░░░░░░░░░░░░░░  0.0% (0/1)
iOS node_modules/expo-router/entry.js ▓▓▓▓▓▓▓▓▓▓▓▓▓▓▓░ 99.9% (2909/2909)
iOS node_modules/expo-router/entry.js ░░░░░░░░░░░░░░░░  0.0% (0/1)
iOS node_modules/expo-router/entry.js ░░░░░░░░░░░░░░░░  0.0% (0/1)
iOS Bundling failed 6ms node_modules/expo-router/entry.js (1 module)
 ERROR  Error: The resource `/Users/varsityhub/Desktop/CODE/VarsityHubMobile/node_modules/expo-router/entry.js` was not found.
    at /Users/varsityhub/Desktop/CODE/VarsityHubMobile/node_modules/@expo/metro/node_modules/metro/src/IncrementalBundler.js:291:24
    at gotStat (node:fs:2931:21)
    at FSReqCallback.oncomplete (node:fs:195:21)
iOS node_modules/expo-router/entry.js ▓▓▓▓▓▓▓▓▓▓▓▓▓▓▓░ 99.9% (2909/2909)
iOS node_modules/expo-router/entry.js ░░░░░░░░░░░░░░░░  0.0% (0/1)
