
> varsityhubmobile@1.0.1 web
> expo start --web

env: load .env
env: export EXPO_PUBLIC_SENTRY_DSN EXPO_PUBLIC_API_URL EXPO_PUBLIC_APP_SCHEME EXPO_PUBLIC_NODE_ENV EXPO_PUBLIC_GOOGLE_IOS_CLIENT_ID EXPO_PUBLIC_GOOGLE_WEB_CLIENT_ID EXPO_PUBLIC_GOOGLE_ANDROID_CLIENT_ID EXPO_PUBLIC_GOOGLE_EXPO_CLIENT_ID EXPO_PUBLIC_STRIPE_PUBLISHABLE_KEY EXPO_PUBLIC_ADMIN_EMAILS
Starting project at /Users/varsityhub/Desktop/CODE/VarsityHubMobile
Starting Metro Bundler
Waiting on http://localhost:8081
Logs for your project will appear below.
Web node_modules/expo-router/entry.js ▓▓▓▓▓▓▓▓▓▓▓░░░░░ 72.3% (2105/2475)
λ node_modules/expo-router/node/render.js ▓▓▓▓▓▓▓▓▓▓▓▓▓░░░ 81.4% (3155/3498)
λ Bundled 3374ms node_modules/expo-router/node/render.js (3866 modules)
"shadow*" style props are deprecated. Use "boxShadow".
[expo-notifications] Listening to push token changes is not yet fully supported on web. Adding a listener will have no effect.
"textShadow*" style props are deprecated. Use "textShadow".
λ  LOG  [sentry] Skipping initialization in development mode
Web node_modules/expo-router/entry.js ▓▓▓▓▓▓▓▓▓▓▓▓▓▓▓░ 99.9% (3848/3848)
[http] API base: https://api-production-8ac3.up.railway.app {
  envUrl: 'https://api-production-8ac3.up.railway.app',
  forceRemote: true,
  platform: 'web'
}
Web node_modules/expo-router/entry.js ▓▓▓▓▓▓▓▓▓▓▓▓▓▓▓░ 99.9% (3848/3848)
Web Bundled 7702ms node_modules/expo-router/entry.js (3848 modules)
Error: Cannot pipe to a closed or destroyed stream
    at pipelineImpl (node:internal/streams/pipeline:264:15)
    at node:stream/promises:31:5
    at new Promise (<anonymous>)
    at pipeline (node:stream/promises:20:10)
    at respond (/Users/varsityhub/Desktop/CODE/VarsityHubMobile/node_modules/expo-server/src/vendor/http.ts:138:19)
    at /Users/varsityhub/Desktop/CODE/VarsityHubMobile/node_modules/expo-server/src/vendor/http.ts:68:13
    at processTicksAndRejections (node:internal/process/task_queues:105:5)
