# npm audit report

@sentry/browser  <7.119.1
Severity: moderate
Sentry SDK Prototype Pollution gadget in JavaScript SDKs - https://github.com/advisories/GHSA-593m-55hh-j8gv
fix available via `npm audit fix --force`
Will install sentry-expo@5.0.3, which is a breaking change
node_modules/sentry-expo/node_modules/@sentry/browser
node_modules/sentry-expo/node_modules/@sentry/react-native/node_modules/@sentry/browser
  @sentry/react  <=7.119.0
  Depends on vulnerable versions of @sentry/browser
  node_modules/sentry-expo/node_modules/@sentry/react
  node_modules/sentry-expo/node_modules/@sentry/react-native/node_modules/@sentry/react
    @sentry/react-native  <=5.33.1
    Depends on vulnerable versions of @sentry/browser
    Depends on vulnerable versions of @sentry/react
    node_modules/sentry-expo/node_modules/@sentry/react-native
      sentry-expo  >=2.0.0
      Depends on vulnerable versions of @sentry/react
      Depends on vulnerable versions of @sentry/react-native
      node_modules/sentry-expo

node-forge  <=1.3.1
Severity: high
node-forge has ASN.1 Unbounded Recursion - https://github.com/advisories/GHSA-554w-wpv2-vw27
node-forge has an Interpretation Conflict vulnerability via its ASN.1 Validator Desynchronization - https://github.com/advisories/GHSA-5gfm-wpxj-wjgq
node-forge is vulnerable to ASN.1 OID Integer Truncation - https://github.com/advisories/GHSA-65ch-62r8-g69g
fix available via `npm audit fix`
node_modules/node-forge

5 vulnerabilities (4 moderate, 1 high)

To address issues that do not require attention, run:
  npm audit fix

To address all issues (including breaking changes), run:
  npm audit fix --force
