🌙 EXTENDED OVERNIGHT AUTOMATION SUITE - STARTING ALL TASKS 🌙
Timestamp: Thu Dec  4 02:09:37 EST 2025

⏱️  TASK H: Security Audit (1-2 hours)
════════════════════════════════════════════════════════
Starting npm audit...
Security Audit started (PID: 56142)

⏱️  TASK G: Performance Baseline Profiling (1-2 hours)
════════════════════════════════════════════════════════
Building bundle and analyzing performance...
Performance Baseline started (PID: 56155)

⏱️  TASK K: Accessibility Audit (1-2 hours)
════════════════════════════════════════════════════════
Starting accessibility checks...
Accessibility Audit started (PID: 56167)

⏱️  TASK I: Database Health Check (1-2 hours)
════════════════════════════════════════════════════════
Verifying database migrations and schema...
Database Health Check started (PID: 56180)

⏳ All parallel tasks started. Waiting for completion...
PIDs: Security=56142, Perf=56155, Access=56167, DB=56180

╔════════════════════════════════════════════════════════╗
║         🌅 EXTENDED OVERNIGHT TASKS COMPLETE ✅       ║
╚════════════════════════════════════════════════════════╝

Summary:
  ✅ Task H (Security Audit): Complete
  ✅ Task G (Performance Baseline): Complete
  ✅ Task K (Accessibility Audit): Complete
  ✅ Task I (Database Health): Complete

Check log files:
  • overnight-extended-results.txt (main results)
  • overnight-security-audit.log (security details)
  • overnight-performance.log (performance metrics)
  • overnight-accessibility.log (accessibility report)
  • overnight-db-health.log (database status)

⏱️  Completed: Thu Dec  4 02:09:45 EST 2025
