🌙 Starting overnight lint cleanup...
Started: Wed Dec  3 02:12:55 EST 2025
📋 Log file: overnight-lint-20251203-021255.log
---

🔧 Processing: app/highlights.tsx

/Users/varsityhub/Desktop/CODE/VarsityHubMobile/app/highlights.tsx
   34:38  warning  'SCREEN_HEIGHT' is assigned a value but never used. Allowed unused vars must match /^_/u                                                                            @typescript-eslint/no-unused-vars
   35:7   warning  'CARD_WIDTH' is assigned a value but never used. Allowed unused vars must match /^_/u                                                                               @typescript-eslint/no-unused-vars
  120:3   warning  'onTeamPress' is defined but never used. Allowed unused args must match /^_/u                                                                                       @typescript-eslint/no-unused-vars
  121:3   warning  'onEventPress' is defined but never used. Allowed unused args must match /^_/u                                                                                      @typescript-eslint/no-unused-vars
  280:26  warning  'err' is defined but never used                                                                                                                                     @typescript-eslint/no-unused-vars
  401:5   warning  Promises must be awaited, end with a call to .catch, end with a call to .then with a rejection handler or be explicitly marked as ignored with the `void` operator  @typescript-eslint/no-floating-promises
  448:7   warning  Promises must be awaited, end with a call to .catch, end with a call to .then with a rejection handler or be explicitly marked as ignored with the `void` operator  @typescript-eslint/no-floating-promises
  545:9   warning  'statusBarHeight' is assigned a value but never used. Allowed unused vars must match /^_/u                                                                          @typescript-eslint/no-unused-vars

✖ 8 problems (0 errors, 8 warnings)

✅ Fixed: app/highlights.tsx

🔧 Processing: app/messages.tsx

/Users/varsityhub/Desktop/CODE/VarsityHubMobile/app/messages.tsx
   95:5  warning  Promises must be awaited, end with a call to .catch, end with a call to .then with a rejection handler or be explicitly marked as ignored with the `void` operator  @typescript-eslint/no-floating-promises
  101:7  warning  Promises must be awaited, end with a call to .catch, end with a call to .then with a rejection handler or be explicitly marked as ignored with the `void` operator  @typescript-eslint/no-floating-promises

✖ 2 problems (0 errors, 2 warnings)

✅ Fixed: app/messages.tsx

🔧 Processing: app/feed.tsx

/Users/varsityhub/Desktop/CODE/VarsityHubMobile/app/feed.tsx
  194:9   warning  'topPadding' is assigned a value but never used. Allowed unused vars must match /^_/u                                                                               @typescript-eslint/no-unused-vars
  195:9   warning  'bottomPadding' is assigned a value but never used. Allowed unused vars must match /^_/u                                                                            @typescript-eslint/no-unused-vars
  196:9   warning  'iconClusterWidth' is assigned a value but never used. Allowed unused vars must match /^_/u                                                                         @typescript-eslint/no-unused-vars
  216:10  warning  'sponsoredIndex' is assigned a value but never used. Allowed unused vars must match /^_/u                                                                           @typescript-eslint/no-unused-vars
  349:9   warning  'loadMore' is assigned a value but never used. Allowed unused vars must match /^_/u                                                                                 @typescript-eslint/no-unused-vars
  378:5   warning  Promises must be awaited, end with a call to .catch, end with a call to .then with a rejection handler or be explicitly marked as ignored with the `void` operator  @typescript-eslint/no-floating-promises
  385:5   warning  Promises must be awaited, end with a call to .catch, end with a call to .then with a rejection handler or be explicitly marked as ignored with the `void` operator  @typescript-eslint/no-floating-promises
  390:7   warning  Promises must be awaited, end with a call to .catch, end with a call to .then with a rejection handler or be explicitly marked as ignored with the `void` operator  @typescript-eslint/no-floating-promises
  392:7   warning  Promises must be awaited, end with a call to .catch, end with a call to .then with a rejection handler or be explicitly marked as ignored with the `void` operator  @typescript-eslint/no-floating-promises
  431:5   warning  Promises must be awaited, end with a call to .catch, end with a call to .then with a rejection handler or be explicitly marked as ignored with the `void` operator  @typescript-eslint/no-floating-promises
  534:9   warning  'shouldShowZipSuggestions' is assigned a value but never used. Allowed unused vars must match /^_/u                                                                 @typescript-eslint/no-unused-vars
  536:9   warning  'handleQueryChange' is assigned a value but never used. Allowed unused vars must match /^_/u                                                                        @typescript-eslint/no-unused-vars
  542:9   warning  'handleZipSelect' is assigned a value but never used. Allowed unused vars must match /^_/u                                                                          @typescript-eslint/no-unused-vars
  548:9   warning  'handleSearchFocus' is assigned a value but never used. Allowed unused vars must match /^_/u                                                                        @typescript-eslint/no-unused-vars
  603:9   warning  'renderGameTile' is assigned a value but never used. Allowed unused vars must match /^_/u                                                                           @typescript-eslint/no-unused-vars
  676:5   warning  React Hook useCallback has a missing dependency: 'colorScheme'. Either include it or remove the dependency array                                                    react-hooks/exhaustive-deps

✖ 16 problems (0 errors, 16 warnings)

✅ Fixed: app/feed.tsx

🔧 Processing: app/profile.tsx

/Users/varsityhub/Desktop/CODE/VarsityHubMobile/app/profile.tsx
  106:9   warning  'rememberingTab' is assigned a value but never used. Allowed unused vars must match /^_/u                                                                           @typescript-eslint/no-unused-vars
  181:30  warning  'mimeType' is assigned a value but never used. Allowed unused vars must match /^_/u                                                                                 @typescript-eslint/no-unused-vars
  234:38  warning  Promises must be awaited, end with a call to .catch, end with a call to .then with a rejection handler or be explicitly marked as ignored with the `void` operator  @typescript-eslint/no-floating-promises
  265:42  warning  'err' is defined but never used. Allowed unused args must match /^_/u                                                                                               @typescript-eslint/no-unused-vars
  279:48  warning  'err' is defined but never used. Allowed unused args must match /^_/u                                                                                               @typescript-eslint/no-unused-vars
  298:5   warning  Promises must be awaited, end with a call to .catch, end with a call to .then with a rejection handler or be explicitly marked as ignored with the `void` operator  @typescript-eslint/no-floating-promises
  306:7   warning  Promises must be awaited, end with a call to .catch, end with a call to .then with a rejection handler or be explicitly marked as ignored with the `void` operator  @typescript-eslint/no-floating-promises
  308:7   warning  Promises must be awaited, end with a call to .catch, end with a call to .then with a rejection handler or be explicitly marked as ignored with the `void` operator  @typescript-eslint/no-floating-promises
  318:7   warning  Promises must be awaited, end with a call to .catch, end with a call to .then with a rejection handler or be explicitly marked as ignored with the `void` operator  @typescript-eslint/no-floating-promises
  328:9   warning  Promises must be awaited, end with a call to .catch, end with a call to .then with a rejection handler or be explicitly marked as ignored with the `void` operator  @typescript-eslint/no-floating-promises
  585:61  warning  Promises must be awaited, end with a call to .catch, end with a call to .then with a rejection handler or be explicitly marked as ignored with the `void` operator  @typescript-eslint/no-floating-promises
  586:9   warning  'onEndReachedInteractions' is assigned a value but never used. Allowed unused vars must match /^_/u                                                                 @typescript-eslint/no-unused-vars
  586:68  warning  Promises must be awaited, end with a call to .catch, end with a call to .then with a rejection handler or be explicitly marked as ignored with the `void` operator  @typescript-eslint/no-floating-promises
  634:19  warning  'isVideo' is assigned a value but never used. Allowed unused vars must match /^_/u                                                                                  @typescript-eslint/no-unused-vars
  645:32  warning  Unexpected console statement                                                                                                                                        no-console

✖ 15 problems (0 errors, 15 warnings)

✅ Fixed: app/profile.tsx

🔧 Processing: app/edit-profile.tsx

/Users/varsityhub/Desktop/CODE/VarsityHubMobile/app/edit-profile.tsx
   68:7   warning  Unexpected console statement                                                                                                                                        no-console
   86:18  warning  'e' is defined but never used                                                                                                                                       @typescript-eslint/no-unused-vars
  140:5   warning  Promises must be awaited, end with a call to .catch, end with a call to .then with a rejection handler or be explicitly marked as ignored with the `void` operator  @typescript-eslint/no-floating-promises
  146:7   warning  Promises must be awaited, end with a call to .catch, end with a call to .then with a rejection handler or be explicitly marked as ignored with the `void` operator  @typescript-eslint/no-floating-promises
  293:7   warning  Unexpected console statement                                                                                                                                        no-console

✖ 5 problems (0 errors, 5 warnings)

✅ Fixed: app/edit-profile.tsx
fatal: Unable to create '/Users/varsityhub/Desktop/CODE/VarsityHubMobile/.git/index.lock': Operation not permitted
fatal: Unable to create '/Users/varsityhub/Desktop/CODE/VarsityHubMobile/.git/index.lock': Operation not permitted
💾 Committed batch 1

🔧 Processing: app/onboarding/index.tsx

/Users/varsityhub/Desktop/CODE/VarsityHubMobile/app/onboarding/index.tsx
  14:7  warning  Unexpected console statement  no-console
  35:5  warning  Unexpected console statement  no-console

✖ 2 problems (0 errors, 2 warnings)

✅ Fixed: app/onboarding/index.tsx

🔧 Processing: app/onboarding/step-1-role.tsx

/Users/varsityhub/Desktop/CODE/VarsityHubMobile/app/onboarding/step-1-role.tsx
  127:7   warning  Promises must be awaited, end with a call to .catch, end with a call to .then with a rejection handler or be explicitly marked as ignored with the `void` operator  @typescript-eslint/no-floating-promises
  155:18  warning  'e' is defined but never used                                                                                                                                       @typescript-eslint/no-unused-vars
  166:16  warning  'e' is defined but never used                                                                                                                                       @typescript-eslint/no-unused-vars

✖ 3 problems (0 errors, 3 warnings)

✅ Fixed: app/onboarding/step-1-role.tsx

🔧 Processing: app/onboarding/step-2-basic.tsx

/Users/varsityhub/Desktop/CODE/VarsityHubMobile/app/onboarding/step-2-basic.tsx
   40:7   warning  Promises must be awaited, end with a call to .catch, end with a call to .then with a rejection handler or be explicitly marked as ignored with the `void` operator  @typescript-eslint/no-floating-promises
   52:5   warning  Promises must be awaited, end with a call to .catch, end with a call to .then with a rejection handler or be explicitly marked as ignored with the `void` operator  @typescript-eslint/no-floating-promises
   76:14  warning  'e' is defined but never used                                                                                                                                       @typescript-eslint/no-unused-vars
  109:9   warning  'usernameError' is assigned a value but never used. Allowed unused vars must match /^_/u                                                                            @typescript-eslint/no-unused-vars
  137:16  warning  'e' is defined but never used                                                                                                                                       @typescript-eslint/no-unused-vars

✖ 5 problems (0 errors, 5 warnings)

✅ Fixed: app/onboarding/step-2-basic.tsx

🔧 Processing: app/onboarding/step-3-plan.tsx

/Users/varsityhub/Desktop/CODE/VarsityHubMobile/app/onboarding/step-3-plan.tsx
  169:9   warning  Promises must be awaited, end with a call to .catch, end with a call to .then with a rejection handler or be explicitly marked as ignored with the `void` operator  @typescript-eslint/no-floating-promises
  277:9   warning  Unexpected console statement                                                                                                                                        no-console
  286:9   warning  Unexpected console statement                                                                                                                                        no-console
  290:11  warning  Unexpected console statement                                                                                                                                        no-console
  477:19  warning  Promises must be awaited, end with a call to .catch, end with a call to .then with a rejection handler or be explicitly marked as ignored with the `void` operator  @typescript-eslint/no-floating-promises

✖ 5 problems (0 errors, 5 warnings)

✅ Fixed: app/onboarding/step-3-plan.tsx

🔧 Processing: app/onboarding/step-4-organization.tsx

/Users/varsityhub/Desktop/CODE/VarsityHubMobile/app/onboarding/step-4-organization.tsx
  29:10  warning  'teamName' is assigned a value but never used. Allowed unused vars must match /^_/u                                                                                 @typescript-eslint/no-unused-vars
  30:10  warning  'ageGroup' is assigned a value but never used. Allowed unused vars must match /^_/u                                                                                 @typescript-eslint/no-unused-vars
  30:20  warning  'setAgeGroup' is assigned a value but never used. Allowed unused vars must match /^_/u                                                                              @typescript-eslint/no-unused-vars
  51:5   warning  Promises must be awaited, end with a call to .catch, end with a call to .then with a rejection handler or be explicitly marked as ignored with the `void` operator  @typescript-eslint/no-floating-promises

✖ 4 problems (0 errors, 4 warnings)

✅ Fixed: app/onboarding/step-4-organization.tsx
fatal: Unable to create '/Users/varsityhub/Desktop/CODE/VarsityHubMobile/.git/index.lock': Operation not permitted
fatal: Unable to create '/Users/varsityhub/Desktop/CODE/VarsityHubMobile/.git/index.lock': Operation not permitted
💾 Committed batch 2

🔧 Processing: app/onboarding/step-10-confirmation.tsx

/Users/varsityhub/Desktop/CODE/VarsityHubMobile/app/onboarding/step-10-confirmation.tsx
   25:7   warning  Unexpected console statement                                                      no-console
   35:11  warning  'isFan' is assigned a value but never used. Allowed unused vars must match /^_/u  @typescript-eslint/no-unused-vars
  133:16  warning  'e' is defined but never used                                                     @typescript-eslint/no-unused-vars
  150:20  warning  'e' is defined but never used                                                     @typescript-eslint/no-unused-vars
  200:7   warning  Unexpected console statement                                                      no-console

✖ 5 problems (0 errors, 5 warnings)

✅ Fixed: app/onboarding/step-10-confirmation.tsx

🔧 Processing: app/team-hub.tsx

/Users/varsityhub/Desktop/CODE/VarsityHubMobile/app/team-hub.tsx
  39:10  warning  'activeTab' is assigned a value but never used. Allowed unused vars must match /^_/u                                                                                @typescript-eslint/no-unused-vars
  39:21  warning  'setActiveTab' is assigned a value but never used. Allowed unused vars must match /^_/u                                                                             @typescript-eslint/no-unused-vars
  62:5   warning  Promises must be awaited, end with a call to .catch, end with a call to .then with a rejection handler or be explicitly marked as ignored with the `void` operator  @typescript-eslint/no-floating-promises

✖ 3 problems (0 errors, 3 warnings)

✅ Fixed: app/team-hub.tsx

🔧 Processing: app/team-profile.tsx

/Users/varsityhub/Desktop/CODE/VarsityHubMobile/app/team-profile.tsx
   73:10  warning  'inviteEmail' is assigned a value but never used. Allowed unused vars must match /^_/u                                                                              @typescript-eslint/no-unused-vars
   73:23  warning  'setInviteEmail' is assigned a value but never used. Allowed unused vars must match /^_/u                                                                           @typescript-eslint/no-unused-vars
   76:23  warning  'setCustomRoles' is assigned a value but never used. Allowed unused vars must match /^_/u                                                                           @typescript-eslint/no-unused-vars
  224:9   warning  'sportPositions' is assigned a value but never used. Allowed unused vars must match /^_/u                                                                           @typescript-eslint/no-unused-vars
  280:7   warning  Unexpected console statement                                                                                                                                        no-console
  281:14  warning  'error' is defined but never used                                                                                                                                   @typescript-eslint/no-unused-vars
  350:7   warning  Promises must be awaited, end with a call to .catch, end with a call to .then with a rejection handler or be explicitly marked as ignored with the `void` operator  @typescript-eslint/no-floating-promises
  396:5   warning  Promises must be awaited, end with a call to .catch, end with a call to .then with a rejection handler or be explicitly marked as ignored with the `void` operator  @typescript-eslint/no-floating-promises
  486:14  warning  'error' is defined but never used                                                                                                                                   @typescript-eslint/no-unused-vars
  514:22  warning  'error' is defined but never used                                                                                                                                   @typescript-eslint/no-unused-vars
  855:79  warning  Unexpected console statement                                                                                                                                        no-console

✖ 11 problems (0 errors, 11 warnings)

✅ Fixed: app/team-profile.tsx

🔧 Processing: app/team-page.tsx

/Users/varsityhub/Desktop/CODE/VarsityHubMobile/app/team-page.tsx
   63:10  warning  'teams' is assigned a value but never used. Allowed unused vars must match /^_/u                                                                                    @typescript-eslint/no-unused-vars
  109:7   warning  Unexpected console statement                                                                                                                                        no-console
  130:9   warning  Unexpected console statement                                                                                                                                        no-console
  183:9   warning  Unexpected console statement                                                                                                                                        no-console
  227:5   warning  Promises must be awaited, end with a call to .catch, end with a call to .then with a rejection handler or be explicitly marked as ignored with the `void` operator  @typescript-eslint/no-floating-promises
  242:9   warning  'renderTeamCard' is assigned a value but never used. Allowed unused vars must match /^_/u                                                                           @typescript-eslint/no-unused-vars

✖ 6 problems (0 errors, 6 warnings)

✅ Fixed: app/team-page.tsx

🔧 Processing: app/manage-teams.tsx

/Users/varsityhub/Desktop/CODE/VarsityHubMobile/app/manage-teams.tsx
   66:5   warning  Promises must be awaited, end with a call to .catch, end with a call to .then with a rejection handler or be explicitly marked as ignored with the `void` operator  @typescript-eslint/no-floating-promises
   71:5   warning  Promises must be awaited, end with a call to .catch, end with a call to .then with a rejection handler or be explicitly marked as ignored with the `void` operator  @typescript-eslint/no-floating-promises
   76:11  warning  Unexpected console statement                                                                                                                                        no-console
   96:9   warning  'getRoleBadge' is assigned a value but never used. Allowed unused vars must match /^_/u                                                                             @typescript-eslint/no-unused-vars
  112:9   warning  'getSportIcon' is assigned a value but never used. Allowed unused vars must match /^_/u                                                                             @typescript-eslint/no-unused-vars
  218:7   warning  Unexpected console statement                                                                                                                                        no-console
  221:13  warning  'newGame' is assigned a value but never used. Allowed unused vars must match /^_/u                                                                                  @typescript-eslint/no-unused-vars

✖ 7 problems (0 errors, 7 warnings)

✅ Fixed: app/manage-teams.tsx
fatal: Unable to create '/Users/varsityhub/Desktop/CODE/VarsityHubMobile/.git/index.lock': Operation not permitted
fatal: Unable to create '/Users/varsityhub/Desktop/CODE/VarsityHubMobile/.git/index.lock': Operation not permitted
💾 Committed batch 3

🔧 Processing: app/settings/index.tsx

/Users/varsityhub/Desktop/CODE/VarsityHubMobile/app/settings/index.tsx
  145:22  warning  'loading' is assigned a value but never used. Allowed unused vars must match /^_/u                                                                                  @typescript-eslint/no-unused-vars
  147:22  warning  'email' is assigned a value but never used. Allowed unused vars must match /^_/u                                                                                    @typescript-eslint/no-unused-vars
  162:17  warning  Promises must be awaited, end with a call to .catch, end with a call to .then with a rejection handler or be explicitly marked as ignored with the `void` operator  @typescript-eslint/no-floating-promises
  252:97  warning  'e' is defined but never used                                                                                                                                       @typescript-eslint/no-unused-vars
  414:72  warning  'e' is defined but never used                                                                                                                                       @typescript-eslint/no-unused-vars
  420:29  warning  'input' is assigned a value but never used. Allowed unused vars must match /^_/u                                                                                    @typescript-eslint/no-unused-vars
  430:38  warning  'e' is defined but never used                                                                                                                                       @typescript-eslint/no-unused-vars
  447:40  warning  'e' is defined but never used                                                                                                                                       @typescript-eslint/no-unused-vars
  457:63  warning  Promises must be awaited, end with a call to .catch, end with a call to .then with a rejection handler or be explicitly marked as ignored with the `void` operator  @typescript-eslint/no-floating-promises

✖ 9 problems (0 errors, 9 warnings)

✅ Fixed: app/settings/index.tsx

🔧 Processing: app/settings/manage-subscription.tsx

/Users/varsityhub/Desktop/CODE/VarsityHubMobile/app/settings/manage-subscription.tsx
  36:14  warning  'e' is defined but never used                                                                                                                                       @typescript-eslint/no-unused-vars
  42:5   warning  Promises must be awaited, end with a call to .catch, end with a call to .then with a rejection handler or be explicitly marked as ignored with the `void` operator  @typescript-eslint/no-floating-promises
  47:7   warning  Promises must be awaited, end with a call to .catch, end with a call to .then with a rejection handler or be explicitly marked as ignored with the `void` operator  @typescript-eslint/no-floating-promises

✖ 3 problems (0 errors, 3 warnings)

✅ Fixed: app/settings/manage-subscription.tsx

🔧 Processing: app/create-post.tsx

/Users/varsityhub/Desktop/CODE/VarsityHubMobile/app/create-post.tsx
   67:10  warning  'locGranted' is assigned a value but never used. Allowed unused vars must match /^_/u                                                                               @typescript-eslint/no-unused-vars
   87:5   warning  Promises must be awaited, end with a call to .catch, end with a call to .then with a rejection handler or be explicitly marked as ignored with the `void` operator  @typescript-eslint/no-floating-promises
  106:5   warning  Promises must be awaited, end with a call to .catch, end with a call to .then with a rejection handler or be explicitly marked as ignored with the `void` operator  @typescript-eslint/no-floating-promises
  123:5   warning  Promises must be awaited, end with a call to .catch, end with a call to .then with a rejection handler or be explicitly marked as ignored with the `void` operator  @typescript-eslint/no-floating-promises
  454:49  warning  'idx' is defined but never used. Allowed unused args must match /^_/u                                                                                               @typescript-eslint/no-unused-vars

✖ 5 problems (0 errors, 5 warnings)

✅ Fixed: app/create-post.tsx

🔧 Processing: app/create-team.tsx

/Users/varsityhub/Desktop/CODE/VarsityHubMobile/app/create-team.tsx
  255:42  warning  'user' is defined but never used. Allowed unused args must match /^_/u  @typescript-eslint/no-unused-vars
  264:11  warning  Unexpected console statement                                            no-console
  287:15  warning  Unexpected console statement                                            no-console
  291:15  warning  Unexpected console statement                                            no-console
  301:15  warning  Unexpected console statement                                            no-console

✖ 5 problems (0 errors, 5 warnings)

✅ Fixed: app/create-team.tsx

🔧 Processing: app/dm-restrictions.tsx

/Users/varsityhub/Desktop/CODE/VarsityHubMobile/app/dm-restrictions.tsx
  19:5  warning  Promises must be awaited, end with a call to .catch, end with a call to .then with a rejection handler or be explicitly marked as ignored with the `void` operator  @typescript-eslint/no-floating-promises

✖ 1 problem (0 errors, 1 warning)

✅ Fixed: app/dm-restrictions.tsx
fatal: Unable to create '/Users/varsityhub/Desktop/CODE/VarsityHubMobile/.git/index.lock': Operation not permitted
fatal: Unable to create '/Users/varsityhub/Desktop/CODE/VarsityHubMobile/.git/index.lock': Operation not permitted
💾 Committed batch 4

🔧 Processing: app/blocked-users.tsx

/Users/varsityhub/Desktop/CODE/VarsityHubMobile/app/blocked-users.tsx
  27:5  warning  Promises must be awaited, end with a call to .catch, end with a call to .then with a rejection handler or be explicitly marked as ignored with the `void` operator  @typescript-eslint/no-floating-promises

✖ 1 problem (0 errors, 1 warning)

✅ Fixed: app/blocked-users.tsx

🔧 Processing: app/followers.tsx

/Users/varsityhub/Desktop/CODE/VarsityHubMobile/app/followers.tsx
  33:5  warning  Promises must be awaited, end with a call to .catch, end with a call to .then with a rejection handler or be explicitly marked as ignored with the `void` operator  @typescript-eslint/no-floating-promises

✖ 1 problem (0 errors, 1 warning)

✅ Fixed: app/followers.tsx

🔧 Processing: app/following.tsx

/Users/varsityhub/Desktop/CODE/VarsityHubMobile/app/following.tsx
  33:5  warning  Promises must be awaited, end with a call to .catch, end with a call to .then with a rejection handler or be explicitly marked as ignored with the `void` operator  @typescript-eslint/no-floating-promises

✖ 1 problem (0 errors, 1 warning)

✅ Fixed: app/following.tsx

🔧 Processing: app/favorites.tsx

/Users/varsityhub/Desktop/CODE/VarsityHubMobile/app/favorites.tsx
   86:5   warning  Promises must be awaited, end with a call to .catch, end with a call to .then with a rejection handler or be explicitly marked as ignored with the `void` operator  @typescript-eslint/no-floating-promises
   96:16  warning  'e' is defined but never used                                                                                                                                       @typescript-eslint/no-unused-vars
  167:5   warning  Promises must be awaited, end with a call to .catch, end with a call to .then with a rejection handler or be explicitly marked as ignored with the `void` operator  @typescript-eslint/no-floating-promises
  172:5   warning  Promises must be awaited, end with a call to .catch, end with a call to .then with a rejection handler or be explicitly marked as ignored with the `void` operator  @typescript-eslint/no-floating-promises
  177:5   warning  Promises must be awaited, end with a call to .catch, end with a call to .then with a rejection handler or be explicitly marked as ignored with the `void` operator  @typescript-eslint/no-floating-promises

✖ 5 problems (0 errors, 5 warnings)

✅ Fixed: app/favorites.tsx

💾 Committing final changes...
fatal: Unable to create '/Users/varsityhub/Desktop/CODE/VarsityHubMobile/.git/index.lock': Operation not permitted
fatal: Unable to create '/Users/varsityhub/Desktop/CODE/VarsityHubMobile/.git/index.lock': Operation not permitted
---
🎉 Overnight lint cleanup complete!
✅ Fixed: 24 files
❌ Failed: 0 files
⏱️  Duration: 1 minutes
📋 Full log: overnight-lint-20251203-021255.log
Finished: Wed Dec  3 02:14:21 EST 2025

🔍 Running final verification...

> varsityhubmobile@1.0.1 typecheck
> tsc --noEmit


📊 Final lint status:

> varsityhubmobile@1.0.1 lint:strict
> expo lint --fix && npm run typecheck

env: load .env
env: export EXPO_PUBLIC_SENTRY_DSN EXPO_PUBLIC_API_URL EXPO_PUBLIC_APP_SCHEME EXPO_PUBLIC_NODE_ENV EXPO_PUBLIC_GOOGLE_IOS_CLIENT_ID EXPO_PUBLIC_GOOGLE_WEB_CLIENT_ID EXPO_PUBLIC_GOOGLE_ANDROID_CLIENT_ID EXPO_PUBLIC_GOOGLE_EXPO_CLIENT_ID EXPO_PUBLIC_STRIPE_PUBLISHABLE_KEY EXPO_PUBLIC_ADMIN_EMAILS

/Users/varsityhub/Desktop/CODE/VarsityHubMobile/app/(tabs)/discover/mobile-community.tsx
  128:9   warning  'openVerticalViewer' is assigned a value but never used. Allowed unused vars must match /^_/u                                                                       @typescript-eslint/no-unused-vars
  144:9   warning  Unexpected console statement                                                                                                                                        no-console
  214:5   warning  Promises must be awaited, end with a call to .catch, end with a call to .then with a rejection handler or be explicitly marked as ignored with the `void` operator  @typescript-eslint/no-floating-promises
  366:13  warning  Unexpected console statement                                                                                                                                        no-console
  367:13  warning  Unexpected console statement                                                                                                                                        no-console
  368:13  warning  Unexpected console statement                                                                                                                                        no-console
  408:15  warning  Unexpected console statement                                                                                                                                        no-console
  595:75  warning  'i' is defined but never used. Allowed unused args must match /^_/u                                                                                                 @typescript-eslint/no-unused-vars
  595:78  warning  'arr' is defined but never used. Allowed unused args must match /^_/u                                                                                               @typescript-eslint/no-unused-vars
  605:23  warning  Unexpected console statement                                                                                                                                        no-console
  632:34  warning  'e' is defined but never used                                                                                                                                       @typescript-eslint/no-unused-vars
  739:19  warning  Unexpected console statement                                                                                                                                        no-console
  740:19  warning  Unexpected console statement                                                                                                                                        no-console
  741:19  warning  Unexpected console statement                                                                                                                                        no-console
  758:13  warning  Unexpected console statement                                                                                                                                        no-console
  759:13  warning  Unexpected console statement                                                                                                                                        no-console
  760:13  warning  Unexpected console statement                                                                                                                                        no-console
  761:13  warning  Unexpected console statement                                                                                                                                        no-console
  769:13  warning  Unexpected console statement                                                                                                                                        no-console

/Users/varsityhub/Desktop/CODE/VarsityHubMobile/app/(tabs)/notifications/index.tsx
  45:21  warning  Promises must be awaited, end with a call to .catch, end with a call to .then with a rejection handler or be explicitly marked as ignored with the `void` operator  @typescript-eslint/no-floating-promises
  47:50  warning  Promises must be awaited, end with a call to .catch, end with a call to .then with a rejection handler or be explicitly marked as ignored with the `void` operator  @typescript-eslint/no-floating-promises
  48:48  warning  Promises must be awaited, end with a call to .catch, end with a call to .then with a rejection handler or be explicitly marked as ignored with the `void` operator  @typescript-eslint/no-floating-promises

/Users/varsityhub/Desktop/CODE/VarsityHubMobile/app/_layout.tsx
   32:10  warning  'healthError' is assigned a value but never used. Allowed unused vars must match /^_/u                                                                              @typescript-eslint/no-unused-vars
   61:5   warning  Promises must be awaited, end with a call to .catch, end with a call to .then with a rejection handler or be explicitly marked as ignored with the `void` operator  @typescript-eslint/no-floating-promises
   75:5   warning  Promises must be awaited, end with a call to .catch, end with a call to .then with a rejection handler or be explicitly marked as ignored with the `void` operator  @typescript-eslint/no-floating-promises
  108:6   warning  React Hook React.useEffect has missing dependencies: 'healthChecked' and 'healthOk'. Either include them or remove the dependency array                             react-hooks/exhaustive-deps

/Users/varsityhub/Desktop/CODE/VarsityHubMobile/app/ad-calendar.tsx
   21:10  warning  'toggleSet' is defined but never used. Allowed unused vars must match /^_/u                                                                                         @typescript-eslint/no-unused-vars
  139:10  warning  'dateAvailability' is assigned a value but never used. Allowed unused vars must match /^_/u                                                                         @typescript-eslint/no-unused-vars
  144:10  warning  'taxRate' is assigned a value but never used. Allowed unused vars must match /^_/u                                                                                  @typescript-eslint/no-unused-vars
  144:19  warning  'setTaxRate' is assigned a value but never used. Allowed unused vars must match /^_/u                                                                               @typescript-eslint/no-unused-vars
  153:5   warning  Promises must be awaited, end with a call to .catch, end with a call to .then with a rejection handler or be explicitly marked as ignored with the `void` operator  @typescript-eslint/no-floating-promises
  233:9   warning  'priceWithTax' is assigned a value but never used. Allowed unused vars must match /^_/u                                                                             @typescript-eslint/no-unused-vars
  341:7   warning  Promises must be awaited, end with a call to .catch, end with a call to .then with a rejection handler or be explicitly marked as ignored with the `void` operator  @typescript-eslint/no-floating-promises
  352:7   warning  Promises must be awaited, end with a call to .catch, end with a call to .then with a rejection handler or be explicitly marked as ignored with the `void` operator  @typescript-eslint/no-floating-promises
  485:19  warning  Unexpected console statement                                                                                                                                        no-console
  498:19  warning  Unexpected console statement                                                                                                                                        no-console

> varsityhubmobile@1.0.1 lint:strict
> expo lint --fix && npm run typecheck

env: load .env
env: export EXPO_PUBLIC_SENTRY_DSN EXPO_PUBLIC_API_URL EXPO_PUBLIC_APP_SCHEME EXPO_PUBLIC_NODE_ENV EXPO_PUBLIC_GOOGLE_IOS_CLIENT_ID EXPO_PUBLIC_GOOGLE_WEB_CLIENT_ID EXPO_PUBLIC_GOOGLE_ANDROID_CLIENT_ID EXPO_PUBLIC_GOOGLE_EXPO_CLIENT_ID EXPO_PUBLIC_STRIPE_PUBLISHABLE_KEY EXPO_PUBLIC_ADMIN_EMAILS

/Users/varsityhub/Desktop/CODE/VarsityHubMobile/app/(tabs)/discover/mobile-community.tsx
  128:9   warning  'openVerticalViewer' is assigned a value but never used. Allowed unused vars must match /^_/u                                                                       @typescript-eslint/no-unused-vars
  144:9   warning  Unexpected console statement                                                                                                                                        no-console
  214:5   warning  Promises must be awaited, end with a call to .catch, end with a call to .then with a rejection handler or be explicitly marked as ignored with the `void` operator  @typescript-eslint/no-floating-promises
  366:13  warning  Unexpected console statement                                                                                                                                        no-console
  367:13  warning  Unexpected console statement                                                                                                                                        no-console
  368:13  warning  Unexpected console statement                                                                                                                                        no-console
  408:15  warning  Unexpected console statement                                                                                                                                        no-console
  595:75  warning  'i' is defined but never used. Allowed unused args must match /^_/u                                                                                                 @typescript-eslint/no-unused-vars
  595:78  warning  'arr' is defined but never used. Allowed unused args must match /^_/u                                                                                               @typescript-eslint/no-unused-vars
  605:23  warning  Unexpected console statement                                                                                                                                        no-console
  632:34  warning  'e' is defined but never used                                                                                                                                       @typescript-eslint/no-unused-vars
  739:19  warning  Unexpected console statement                                                                                                                                        no-console
  740:19  warning  Unexpected console statement                                                                                                                                        no-console
  741:19  warning  Unexpected console statement                                                                                                                                        no-console
  758:13  warning  Unexpected console statement                                                                                                                                        no-console
  759:13  warning  Unexpected console statement                                                                                                                                        no-console
  760:13  warning  Unexpected console statement                                                                                                                                        no-console
  761:13  warning  Unexpected console statement                                                                                                                                        no-console
  769:13  warning  Unexpected console statement                                                                                                                                        no-console

/Users/varsityhub/Desktop/CODE/VarsityHubMobile/app/(tabs)/notifications/index.tsx
  45:21  warning  Promises must be awaited, end with a call to .catch, end with a call to .then with a rejection handler or be explicitly marked as ignored with the `void` operator  @typescript-eslint/no-floating-promises
  47:50  warning  Promises must be awaited, end with a call to .catch, end with a call to .then with a rejection handler or be explicitly marked as ignored with the `void` operator  @typescript-eslint/no-floating-promises
  48:48  warning  Promises must be awaited, end with a call to .catch, end with a call to .then with a rejection handler or be explicitly marked as ignored with the `void` operator  @typescript-eslint/no-floating-promises

/Users/varsityhub/Desktop/CODE/VarsityHubMobile/app/_layout.tsx
   32:10  warning  'healthError' is assigned a value but never used. Allowed unused vars must match /^_/u                                                                              @typescript-eslint/no-unused-vars
   61:5   warning  Promises must be awaited, end with a call to .catch, end with a call to .then with a rejection handler or be explicitly marked as ignored with the `void` operator  @typescript-eslint/no-floating-promises
   75:5   warning  Promises must be awaited, end with a call to .catch, end with a call to .then with a rejection handler or be explicitly marked as ignored with the `void` operator  @typescript-eslint/no-floating-promises
  108:6   warning  React Hook React.useEffect has missing dependencies: 'healthChecked' and 'healthOk'. Either include them or remove the dependency array                             react-hooks/exhaustive-deps

/Users/varsityhub/Desktop/CODE/VarsityHubMobile/app/ad-calendar.tsx
   21:10  warning  'toggleSet' is defined but never used. Allowed unused vars must match /^_/u                                                                                         @typescript-eslint/no-unused-vars
  139:10  warning  'dateAvailability' is assigned a value but never used. Allowed unused vars must match /^_/u                                                                         @typescript-eslint/no-unused-vars
  144:10  warning  'taxRate' is assigned a value but never used. Allowed unused vars must match /^_/u                                                                                  @typescript-eslint/no-unused-vars
  144:19  warning  'setTaxRate' is assigned a value but never used. Allowed unused vars must match /^_/u                                                                               @typescript-eslint/no-unused-vars
  153:5   warning  Promises must be awaited, end with a call to .catch, end with a call to .then with a rejection handler or be explicitly marked as ignored with the `void` operator  @typescript-eslint/no-floating-promises
  233:9   warning  'priceWithTax' is assigned a value but never used. Allowed unused vars must match /^_/u                                                                             @typescript-eslint/no-unused-vars
  341:7   warning  Promises must be awaited, end with a call to .catch, end with a call to .then with a rejection handler or be explicitly marked as ignored with the `void` operator  @typescript-eslint/no-floating-promises
  352:7   warning  Promises must be awaited, end with a call to .catch, end with a call to .then with a rejection handler or be explicitly marked as ignored with the `void` operator  @typescript-eslint/no-floating-promises
  485:19  warning  Unexpected console statement                                                                                                                                        no-console
  498:19  warning  Unexpected console statement                                                                                                                                        no-console
---
✨ Results saved to: overnight-results.txt
✨ Full log saved to: overnight-lint-20251203-021255.log
