env: load .env
env: export EXPO_PUBLIC_SENTRY_DSN EXPO_PUBLIC_API_URL EXPO_PUBLIC_APP_SCHEME EXPO_PUBLIC_NODE_ENV EXPO_PUBLIC_GOOGLE_IOS_CLIENT_ID EXPO_PUBLIC_GOOGLE_WEB_CLIENT_ID EXPO_PUBLIC_GOOGLE_ANDROID_CLIENT_ID EXPO_PUBLIC_GOOGLE_EXPO_CLIENT_ID EXPO_PUBLIC_STRIPE_PUBLISHABLE_KEY EXPO_PUBLIC_ADMIN_EMAILS
Starting project at /Users/varsityhub/Desktop/CODE/VarsityHubMobile
Starting Metro Bundler
warning: Bundler cache is empty, rebuilding (this may take a minute)
› Opening exp+varsityhubmobile://expo-development-client/?url=http%3A%2F%2F192.168.50.31%3A8081 on iPhone 17 Pro
Waiting on http://localhost:8081
Logs for your project will appear below.
iOS node_modules/expo-router/entry.js ▓▓▓▓▓▓░░░░░░░░░░ 40.4% (438/801)
iOS node_modules/expo-router/entry.js ▓▓▓▓▓▓▓▓▓▓░░░░░░ 63.9% ( 962/1507)
iOS node_modules/expo-router/entry.js ▓▓▓▓▓▓▓▓▓▓▓▓░░░░ 77.0% (2422/2761)
iOS node_modules/expo-router/entry.js ▓▓▓▓▓▓▓▓▓▓▓▓▓▓▓░ 97.4% (4047/4100)
iOS Bundled 13859ms node_modules/expo-router/entry.js (4125 modules)
 LOG  [sentry] Skipping initialization in development mode
 LOG  [http] API base: https://api-production-8ac3.up.railway.app {"envUrl": "https://api-production-8ac3.up.railway.app", "forceRemote": true, "platform": "ios"}
 LOG  [PushNotifications] Skipping setup on simulator/emulator
iOS node_modules/expo-router/entry.js ░░░░░░░░░░░░░░░░  0.0% (0/1)
iOS Bundled 217ms node_modules/expo-router/entry.js (1 module)
 LOG  [sentry] Skipping initialization in development mode
 LOG  [http] API base: https://api-production-8ac3.up.railway.app {"envUrl": "https://api-production-8ac3.up.railway.app", "forceRemote": true, "platform": "ios"}
 LOG  [PushNotifications] Skipping setup on simulator/emulator
iOS node_modules/expo-router/entry.js ░░░░░░░░░░░░░░░░  0.0% (0/1)
iOS Bundled 255ms node_modules/expo-router/entry.js (1 module)
 LOG  [sentry] Skipping initialization in development mode
 LOG  [http] API base: https://api-production-8ac3.up.railway.app {"envUrl": "https://api-production-8ac3.up.railway.app", "forceRemote": true, "platform": "ios"}
 LOG  [PushNotifications] Skipping setup on simulator/emulator
 LOG  [sentry] Skipping initialization in development mode
 LOG  [PushNotifications] Skipping setup on simulator/emulator
