
> varsityhubmobile@1.0.1 web
> expo start --web

env: load .env
env: export EXPO_PUBLIC_SENTRY_DSN EXPO_PUBLIC_API_URL EXPO_PUBLIC_APP_SCHEME EXPO_PUBLIC_NODE_ENV EXPO_PUBLIC_GOOGLE_IOS_CLIENT_ID EXPO_PUBLIC_GOOGLE_WEB_CLIENT_ID EXPO_PUBLIC_GOOGLE_ANDROID_CLIENT_ID EXPO_PUBLIC_GOOGLE_EXPO_CLIENT_ID EXPO_PUBLIC_STRIPE_PUBLISHABLE_KEY EXPO_PUBLIC_ADMIN_EMAILS
Starting project at /Users/varsityhub/Desktop/CODE/VarsityHubMobile
Starting Metro Bundler
Waiting on http://localhost:8081
Logs for your project will appear below.
λ Bundled 2995ms node_modules/expo-router/node/render.js (3872 modules)
Web node_modules/expo-router/entry.js ▓▓▓▓▓▓▓▓▓▓▓▓▓▓▓░ 99.9% (3844/3846)
λ node_modules/expo-router/node/render.js ▓▓▓▓▓▓▓▓▓▓▓▓▓▓▓░ 94.5% (3764/3872)
"shadow*" style props are deprecated. Use "boxShadow".
[expo-notifications] Listening to push token changes is not yet fully supported on web. Adding a listener will have no effect.
"textShadow*" style props are deprecated. Use "textShadow".
λ  LOG  [sentry] Skipping initialization in development mode
λ  WARN  Animated: `useNativeDriver` is not supported because the native animated module is missing. Falling back to JS-based animation. To resolve this, add `RCTAnimation` module to this app, or remove `useNativeDriver`. Make sure to run `bundle exec pod install` first. Read more about autolinking: https://github.com/react-native-community/cli/blob/master/docs/autolinking.md 
  GameDetailsScreen (app/game-details/GameDetailsScreen.tsx:1881:28)
λ  WARN  props.pointerEvents is deprecated. Use style.pointerEvents 
Web node_modules/expo-router/entry.js ▓▓▓▓▓▓▓▓▓▓▓▓▓▓▓░ 99.9% (3846/3846)
[http] API base: https://api-production-8ac3.up.railway.app {
  envUrl: 'https://api-production-8ac3.up.railway.app',
  forceRemote: true,
  platform: 'web'
}
🔍 Testing Monitor: Skipping (no window object)
🔍 Web Testing Monitor Active - Tracking all errors
Web node_modules/expo-router/entry.js ▓▓▓▓▓▓▓▓▓▓▓▓▓▓▓░ 99.9% (3846/3846)
Web Bundled 7039ms node_modules/expo-router/entry.js (3846 modules)
Web Bundled 1322ms node_modules/expo-router/entry.js (3760 modules)
Web Bundled 3ms utils/testingMonitor.web.ts (1 module)
 LOG  [web] Logs will appear in the browser console
Web node_modules/expo-router/entry.js ░░░░░░░░░░░░░░░░  0.0% (0/1)
λ Bundled 68ms node_modules/expo-router/node/render.js (1 module)
"shadow*" style props are deprecated. Use "boxShadow".
[expo-notifications] Listening to push token changes is not yet fully supported on web. Adding a listener will have no effect.
"textShadow*" style props are deprecated. Use "textShadow".
λ  LOG  [sentry] Skipping initialization in development mode
🔍 Testing Monitor: Skipping (no window object)
🔍 Web Testing Monitor Active - Tracking all errors
Web node_modules/expo-router/entry.js ░░░░░░░░░░░░░░░░  0.0% (0/1)
Web Bundled 1082ms node_modules/expo-router/entry.js (1 module)
Web node_modules/expo-router/entry.js ░░░░░░░░░░░░░░░░  0.0% (0/1)
λ Bundled 195ms node_modules/expo-router/node/render.js (1 module)
"shadow*" style props are deprecated. Use "boxShadow".
[expo-notifications] Listening to push token changes is not yet fully supported on web. Adding a listener will have no effect.
"textShadow*" style props are deprecated. Use "textShadow".
λ  LOG  [sentry] Skipping initialization in development mode
🔍 Testing Monitor: Skipping (no window object)
🔍 Web Testing Monitor Active - Tracking all errors
Web node_modules/expo-router/entry.js ░░░░░░░░░░░░░░░░  0.0% (0/1)
Web Bundled 3002ms node_modules/expo-router/entry.js (1 module)
Web Bundled 264ms node_modules/expo-router/entry.js (1 module)
Web Bundled 1ms utils/testingMonitor.web.ts (1 module)
 LOG  [web] Logs will appear in the browser console
Web node_modules/expo-router/entry.js ░░░░░░░░░░░░░░░░  0.0% (0/1)
λ Bundled 58ms node_modules/expo-router/node/render.js (1 module)
"shadow*" style props are deprecated. Use "boxShadow".
[expo-notifications] Listening to push token changes is not yet fully supported on web. Adding a listener will have no effect.
"textShadow*" style props are deprecated. Use "textShadow".
λ  LOG  [sentry] Skipping initialization in development mode
🔍 Testing Monitor: Skipping (no window object)
🔍 Web Testing Monitor Active - Tracking all errors
Web node_modules/expo-router/entry.js ░░░░░░░░░░░░░░░░  0.0% (0/1)
Web Bundled 1866ms node_modules/expo-router/entry.js (1 module)
Web Bundled 208ms node_modules/expo-router/entry.js (1 module)
Web Bundled 1ms utils/testingMonitor.web.ts (1 module)
 LOG  [web] Logs will appear in the browser console
Web node_modules/expo-router/entry.js ░░░░░░░░░░░░░░░░  0.0% (0/1)
λ Bundled 227ms node_modules/expo-router/node/render.js (1 module)
"shadow*" style props are deprecated. Use "boxShadow".
[expo-notifications] Listening to push token changes is not yet fully supported on web. Adding a listener will have no effect.
"textShadow*" style props are deprecated. Use "textShadow".
λ  LOG  [sentry] Skipping initialization in development mode
🔍 Testing Monitor: Skipping (no window object)
🔍 Web Testing Monitor Active - Tracking all errors
Web node_modules/expo-router/entry.js ░░░░░░░░░░░░░░░░  0.0% (0/1)
Web Bundled 3056ms node_modules/expo-router/entry.js (1 module)
Web Bundled 234ms node_modules/expo-router/entry.js (1 module)
Web Bundled 1ms utils/testingMonitor.web.ts (1 module)
 LOG  [web] Logs will appear in the browser console
Web node_modules/expo-router/entry.js ░░░░░░░░░░░░░░░░  0.0% (0/1)
λ Bundled 106ms node_modules/expo-router/node/render.js (1 module)
"shadow*" style props are deprecated. Use "boxShadow".
[expo-notifications] Listening to push token changes is not yet fully supported on web. Adding a listener will have no effect.
"textShadow*" style props are deprecated. Use "textShadow".
λ  LOG  [sentry] Skipping initialization in development mode
🔍 Testing Monitor: Skipping (no window object)
🔍 Web Testing Monitor Active - Tracking all errors
Web node_modules/expo-router/entry.js ░░░░░░░░░░░░░░░░  0.0% (0/1)
Web Bundled 1753ms node_modules/expo-router/entry.js (1 module)
Web Bundled 698ms node_modules/expo-router/entry.js (1 module)
Web Bundled 1ms utils/testingMonitor.web.ts (1 module)
 LOG  [web] Logs will appear in the browser console
