env: load .env
env: export EXPO_PUBLIC_SENTRY_DSN EXPO_PUBLIC_API_URL EXPO_PUBLIC_APP_SCHEME EXPO_PUBLIC_NODE_ENV EXPO_PUBLIC_GOOGLE_IOS_CLIENT_ID EXPO_PUBLIC_GOOGLE_WEB_CLIENT_ID EXPO_PUBLIC_GOOGLE_ANDROID_CLIENT_ID EXPO_PUBLIC_GOOGLE_EXPO_CLIENT_ID EXPO_PUBLIC_STRIPE_PUBLISHABLE_KEY EXPO_PUBLIC_ADMIN_EMAILS
Starting project at /Users/varsityhub/Desktop/CODE/VarsityHubMobile
Starting Metro Bundler
Waiting on http://localhost:8081
Logs for your project will appear below.
Web node_modules/expo-router/entry.js ▓▓▓▓░░░░░░░░░░░░ 26.5% ( 35/131)
λ node_modules/expo-router/node/render.js ▓▓▓▓▓░░░░░░░░░░░ 34.4% (398/679)
Web node_modules/expo-router/entry.js ▓▓▓▓▓▓░░░░░░░░░░ 37.9% (395/642)
λ node_modules/expo-router/node/render.js ▓▓▓▓▓▓▓▓▓░░░░░░░ 59.2% ( 796/1340)
Web node_modules/expo-router/entry.js ▓▓▓▓▓▓▓▓░░░░░░░░ 51.6% (1094/1523)
λ node_modules/expo-router/node/render.js ▓▓▓▓▓▓▓▓▓▓▓░░░░░ 69.0% (1649/2096)
Web node_modules/expo-router/entry.js ▓▓▓▓▓▓▓▓▓▓▓░░░░░ 73.6% (1773/2215)
λ node_modules/expo-router/node/render.js ▓▓▓▓▓▓▓▓▓▓▓░░░░░ 72.4% (2644/3212)
Web node_modules/expo-router/entry.js ▓▓▓▓▓▓▓▓▓▓▓▓▓░░░ 87.0% (3140/3367)
λ node_modules/expo-router/node/render.js ▓▓▓▓▓▓▓▓▓▓▓▓▓▓░░ 93.0% (3539/3670)
λ Bundled 18054ms node_modules/expo-router/node/render.js (3783 modules)
λ  LOG  [sentry] Skipping initialization in development mode
Web node_modules/expo-router/entry.js ▓▓▓▓▓▓▓▓▓▓▓▓▓▓▓░ 98.5% (3665/3693)
[http] API base: https://api-production-8ac3.up.railway.app {
  envUrl: 'https://api-production-8ac3.up.railway.app',
  forceRemote: true,
  platform: 'web'
}
🔍 Testing Monitor: Skipping (no window object)
🔍 Web Testing Monitor Active - Tracking all errors
Web node_modules/expo-router/entry.js ▓▓▓▓▓▓▓▓▓▓▓▓▓▓▓░ 98.5% (3665/3693)
Web Bundled 21949ms node_modules/expo-router/entry.js (3705 modules)
Web node_modules/expo-router/entry.js ▓▓▓▓▓▓░░░░░░░░░░ 38.2% ( 689/1324)
